Component: ARM Compiler 5.05 (build 41) Tool: armlink [4d0eb9]

==============================================================================

Section Cross References

    system_nrf51.o(.text) refers to system_nrf51.o(.data) for SystemCoreClock
    arm_startup_nrf51.o(STACK) refers (Special) to heapauxi.o(.text) for __use_two_region_memory
    arm_startup_nrf51.o(HEAP) refers (Special) to heapauxi.o(.text) for __use_two_region_memory
    arm_startup_nrf51.o(RESET) refers (Special) to heapauxi.o(.text) for __use_two_region_memory
    arm_startup_nrf51.o(RESET) refers to arm_startup_nrf51.o(STACK) for __initial_sp
    arm_startup_nrf51.o(RESET) refers to arm_startup_nrf51.o(.text) for Reset_Handler
    arm_startup_nrf51.o(RESET) refers to app_gpiote.o(.text) for GPIOTE_IRQHandler
    arm_startup_nrf51.o(RESET) refers to app_timer.o(.text) for RTC1_IRQHandler
    arm_startup_nrf51.o(RESET) refers to softdevice_handler.o(.text) for SWI2_IRQHandler
    arm_startup_nrf51.o(.text) refers (Special) to heapauxi.o(.text) for __use_two_region_memory
    arm_startup_nrf51.o(.text) refers to system_nrf51.o(.text) for SystemInit
    arm_startup_nrf51.o(.text) refers to __main.o(!!!main) for __main
    arm_startup_nrf51.o(.text) refers to arm_startup_nrf51.o(HEAP) for Heap_Mem
    arm_startup_nrf51.o(.text) refers to arm_startup_nrf51.o(STACK) for Stack_Mem
    main.o(.text) refers to ble_debug_assert_handler.o(.text) for ble_debug_assert_handler
    main.o(.text) refers to app_gpiote.o(.text) for app_gpiote_init
    main.o(.text) refers to app_timer.o(.text) for app_timer_init
    main.o(.text) refers to pstorage.o(.text) for pstorage_sys_event_handler
    main.o(.text) refers to softdevice_handler.o(.text) for softdevice_handler_init
    main.o(.text) refers to app_scheduler.o(.text) for app_sched_init
    main.o(.text) refers to bootloader.o(.text) for bootloader_init
    main.o(.text) refers to main.o(.bss) for app_gpiote_buf
    main.o(.text) refers to main.o(.constdata) for .constdata
    bootloader_util_arm.o(.text) refers to bootloader_util_arm.o(.emb_text) for __asm___21_bootloader_util_arm_c_8eae8d3b__bootloader_util_reset
    bootloader_settings_arm.o(.text) refers to bootloader_settings_arm.o(.ARM.__AT_0x0003FC00) for m_boot_settings
    bootloader_settings_arm.o(.constdata) refers to bootloader_settings_arm.o(.ARM.__AT_0x0003FC00) for m_boot_settings
    dfu_dual_bank.o(.text) refers to rt_memcpy.o(.emb_text) for __aeabi_memcpy4
    dfu_dual_bank.o(.text) refers to bootloader.o(.text) for bootloader_dfu_update_process
    dfu_dual_bank.o(.text) refers to main.o(.text) for app_error_handler
    dfu_dual_bank.o(.text) refers to app_timer.o(.text) for app_timer_stop
    dfu_dual_bank.o(.text) refers to pstorage.o(.text) for pstorage_raw_clear
    dfu_dual_bank.o(.text) refers to dfu_dual_bank.o(.data) for m_data_pkt_cb
    dfu_dual_bank.o(.text) refers to dfu_dual_bank.o(.constdata) for .constdata
    dfu_dual_bank.o(.text) refers to dfu_dual_bank.o(.bss) for m_start_packet
    dfu_dual_bank.o(.text) refers to crc16.o(.text) for crc16_compute
    dfu_dual_bank.o(.constdata) refers to dfu_dual_bank.o(.text) for pstorage_callback_handler
    bootloader.o(.text) refers to main.o(.text) for app_error_handler
    bootloader.o(.text) refers to app_scheduler.o(.text) for app_sched_execute
    bootloader.o(.text) refers to bootloader_settings_arm.o(.text) for bootloader_util_settings_get
    bootloader.o(.text) refers to crc16.o(.text) for crc16_compute
    bootloader.o(.text) refers to pstorage.o(.text) for pstorage_clear
    bootloader.o(.text) refers to dfu_transport_ble.o(.text) for dfu_transport_close
    bootloader.o(.text) refers to dfu_dual_bank.o(.text) for dfu_init
    bootloader.o(.text) refers to bootloader_util_arm.o(.text) for bootloader_util_app_start
    bootloader.o(.text) refers to nrf_delay.o(.text) for nrf_delay_ms
    bootloader.o(.text) refers to bootloader.o(.data) for m_update_status
    bootloader.o(.text) refers to bootloader.o(.bss) for settings
    bootloader.o(.text) refers to rt_memcpy.o(.emb_text) for __aeabi_memcpy4
    bootloader.o(.text) refers to bootloader.o(.constdata) for .constdata
    ble_dfu.o(.text) refers to rt_memclr.o(.text) for __aeabi_memclr4
    ble_dfu.o(.text) refers to ble_dfu.o(i.__ARM_common_switch8) for __ARM_common_switch8
    ble_dfu.o(.text) refers to ble_dfu.o(.data) for m_is_dfu_service_initialized
    ble_dfu.o(.text) refers to ble_dfu.o(.constdata) for .constdata
    hci_mem_pool.o(.text) refers to hci_mem_pool.o(.data) for m_is_tx_allocated
    hci_mem_pool.o(.text) refers to hci_mem_pool.o(.bss) for m_rx_buffer_elem_queue
    app_timer.o(.text) refers to app_timer.o(.emb_text) for __asm___11_app_timer_c_cd27f9c3__nrf_delay_us
    app_timer.o(.text) refers to main.o(.text) for app_error_handler
    app_timer.o(.text) refers to app_timer.o(.data) for m_rtc1_running
    app_scheduler.o(.text) refers to main.o(.text) for app_error_handler
[...]
    libinit.o(.ARM.Collect$$libinit$$00000000) refers (Special) to libinit2.o(.ARM.Collect$$libinit$$00000019) for __rt_lib_init_lc_time_1
    libinit.o(.ARM.Collect$$libinit$$00000000) refers (Special) to libinit2.o(.ARM.Collect$$libinit$$00000004) for __rt_lib_init_preinit_1
    libinit.o(.ARM.Collect$$libinit$$00000000) refers (Special) to libinit2.o(.ARM.Collect$$libinit$$0000000E) for __rt_lib_init_rand_1
    libinit.o(.ARM.Collect$$libinit$$00000000) refers (Special) to libinit2.o(.ARM.Collect$$libinit$$00000033) for __rt_lib_init_return
    libinit.o(.ARM.Collect$$libinit$$00000000) refers (Special) to libinit2.o(.ARM.Collect$$libinit$$0000001D) for __rt_lib_init_signal_1
    libinit.o(.ARM.Collect$$libinit$$00000000) refers (Special) to libinit2.o(.ARM.Collect$$libinit$$00000025) for __rt_lib_init_stdio_1
    libinit.o(.ARM.Collect$$libinit$$00000000) refers (Special) to libinit2.o(.ARM.Collect$$libinit$$0000000C) for __rt_lib_init_user_alloc_1
    libspace.o(.text) refers to libspace.o(.bss) for __libspace_start
    rtexit.o(.ARM.Collect$$rtexit$$00000000) refers (Special) to rtexit2.o(.ARM.Collect$$rtexit$$00000004) for __rt_exit_exit
    rtexit.o(.ARM.Collect$$rtexit$$00000000) refers (Special) to rtexit2.o(.ARM.Collect$$rtexit$$00000003) for __rt_exit_ls
    rtexit.o(.ARM.Collect$$rtexit$$00000000) refers (Special) to rtexit2.o(.ARM.Collect$$rtexit$$00000002) for __rt_exit_prels_1
    rtexit.o(.ARM.exidx) refers (Special) to rtexit2.o(.ARM.Collect$$rtexit$$00000004) for __rt_exit_exit
    rtexit.o(.ARM.exidx) refers (Special) to rtexit2.o(.ARM.Collect$$rtexit$$00000003) for __rt_exit_ls
    rtexit.o(.ARM.exidx) refers (Special) to rtexit2.o(.ARM.Collect$$rtexit$$00000002) for __rt_exit_prels_1
    rtexit.o(.ARM.exidx) refers to rtexit.o(.ARM.Collect$$rtexit$$00000000) for .ARM.Collect$$rtexit$$00000000
    rt_raise.o(.text) refers to __raise.o(.text) for __raise
    rt_raise.o(.text) refers to sys_exit.o(.text) for _sys_exit
    defsig_exit.o(.text) refers to sys_exit.o(.text) for _sys_exit
    defsig_fpe_inner.o(.text) refers to defsig_general.o(.text) for __default_signal_display
    libinit2.o(.ARM.Collect$$libinit$$00000010) refers to libinit2.o(.ARM.Collect$$libinit$$0000000F) for .ARM.Collect$$libinit$$0000000F
    libinit2.o(.ARM.Collect$$libinit$$00000012) refers to libinit2.o(.ARM.Collect$$libinit$$0000000F) for .ARM.Collect$$libinit$$0000000F
    libinit2.o(.ARM.Collect$$libinit$$00000014) refers to libinit2.o(.ARM.Collect$$libinit$$0000000F) for .ARM.Collect$$libinit$$0000000F
    libinit2.o(.ARM.Collect$$libinit$$00000016) refers to libinit2.o(.ARM.Collect$$libinit$$0000000F) for .ARM.Collect$$libinit$$0000000F
    libinit2.o(.ARM.Collect$$libinit$$00000018) refers to libinit2.o(.ARM.Collect$$libinit$$0000000F) for .ARM.Collect$$libinit$$0000000F
    libinit2.o(.ARM.Collect$$libinit$$00000026) refers to argv_veneer.o(.text) for __ARM_argv_veneer
    libinit2.o(.ARM.Collect$$libinit$$00000027) refers to argv_veneer.o(.text) for __ARM_argv_veneer
    sys_exit.o(.text) refers (Special) to use_no_semi.o(.text) for __I$use$semihosting
    sys_exit.o(.text) refers (Special) to indicate_semi.o(.text) for __semihosting_library_function
    rtexit2.o(.ARM.Collect$$rtexit$$00000003) refers to libshutdown.o(.ARM.Collect$$libshutdown$$00000000) for __rt_lib_shutdown
    rtexit2.o(.ARM.Collect$$rtexit$$00000004) refers to sys_exit.o(.text) for _sys_exit
    rtexit2.o(.ARM.exidx) refers to rtexit2.o(.ARM.Collect$$rtexit$$00000001) for .ARM.Collect$$rtexit$$00000001
    rtexit2.o(.ARM.exidx) refers to rtexit2.o(.ARM.Collect$$rtexit$$00000003) for .ARM.Collect$$rtexit$$00000003
    rtexit2.o(.ARM.exidx) refers to rtexit2.o(.ARM.Collect$$rtexit$$00000004) for .ARM.Collect$$rtexit$$00000004
    __raise.o(.text) refers to defsig.o(CL$$defsig) for __default_signal_handler
    defsig_general.o(.text) refers to sys_wrch.o(.text) for _ttywrch
    sys_wrch.o(.text) refers (Special) to use_no_semi.o(.text) for __I$use$semihosting
    sys_wrch.o(.text) refers (Special) to indicate_semi.o(.text) for __semihosting_library_function
    defsig.o(CL$$defsig) refers to defsig_fpe_inner.o(.text) for __rt_SIGFPE_inner
    defsig.o(CL$$defsig) refers to defsig_rtmem_inner.o(.text) for __rt_SIGRTMEM_inner
    _get_argv_nomalloc.o(.text) refers (Special) to hrguard.o(.text) for __heap_region$guard
    _get_argv_nomalloc.o(.text) refers to defsig_rtmem_outer.o(.text) for __rt_SIGRTMEM
    _get_argv_nomalloc.o(.text) refers to sys_command.o(.text) for _sys_command_string
    libshutdown.o(.ARM.Collect$$libshutdown$$00000000) refers (Special) to libshutdown2.o(.ARM.Collect$$libshutdown$$00000006) for __rt_lib_shutdown_fp_trap_1
    libshutdown.o(.ARM.Collect$$libshutdown$$00000000) refers (Special) to libshutdown2.o(.ARM.Collect$$libshutdown$$0000000E) for __rt_lib_shutdown_heap_1
    libshutdown.o(.ARM.Collect$$libshutdown$$00000000) refers (Special) to libshutdown2.o(.ARM.Collect$$libshutdown$$0000000F) for __rt_lib_shutdown_return
    libshutdown.o(.ARM.Collect$$libshutdown$$00000000) refers (Special) to libshutdown2.o(.ARM.Collect$$libshutdown$$00000009) for __rt_lib_shutdown_signal_1
    libshutdown.o(.ARM.Collect$$libshutdown$$00000000) refers (Special) to libshutdown2.o(.ARM.Collect$$libshutdown$$00000003) for __rt_lib_shutdown_stdio_1
    libshutdown.o(.ARM.Collect$$libshutdown$$00000000) refers (Special) to libshutdown2.o(.ARM.Collect$$libshutdown$$0000000B) for __rt_lib_shutdown_user_alloc_1
    sys_command.o(.text) refers (Special) to use_no_semi.o(.text) for __I$use$semihosting
    sys_command.o(.text) refers (Special) to indicate_semi.o(.text) for __semihosting_library_function
    defsig_abrt_inner.o(.text) refers to defsig_general.o(.text) for __default_signal_display
    defsig_rtred_inner.o(.text) refers to defsig_general.o(.text) for __default_signal_display
    defsig_rtmem_inner.o(.text) refers to defsig_general.o(.text) for __default_signal_display
    defsig_rtmem_outer.o(.text) refers to defsig_rtmem_inner.o(.text) for __rt_SIGRTMEM_inner
    defsig_rtmem_outer.o(.text) refers to defsig_exit.o(.text) for __sig_exit
    defsig_rtmem_formal.o(.text) refers to rt_raise.o(.text) for __rt_raise
    defsig_stak_inner.o(.text) refers to defsig_general.o(.text) for __default_signal_display
    defsig_pvfn_inner.o(.text) refers to defsig_general.o(.text) for __default_signal_display
    defsig_cppl_inner.o(.text) refers to defsig_general.o(.text) for __default_signal_display
    defsig_segv_inner.o(.text) refers to defsig_general.o(.text) for __default_signal_display
    defsig_other.o(.text) refers to defsig_general.o(.text) for __default_signal_display


==============================================================================

Removing Unused input sections from the image.

    Removing system_nrf51.o(.rev16_text), (4 bytes).
    Removing system_nrf51.o(.revsh_text), (4 bytes).
    Removing main.o(.rev16_text), (4 bytes).
    Removing main.o(.revsh_text), (4 bytes).
    Removing bootloader_settings_arm.o(.rev16_text), (4 bytes).
    Removing bootloader_settings_arm.o(.revsh_text), (4 bytes).
    Removing bootloader_settings_arm.o(.constdata), (4 bytes).
    Removing dfu_dual_bank.o(.rev16_text), (4 bytes).
    Removing dfu_dual_bank.o(.revsh_text), (4 bytes).
    Removing bootloader.o(.rev16_text), (4 bytes).
    Removing bootloader.o(.revsh_text), (4 bytes).
    Removing bootloader.o(.emb_text), (30 bytes).
    Removing app_timer.o(.rev16_text), (4 bytes).
    Removing app_timer.o(.revsh_text), (4 bytes).
    Removing app_scheduler.o(.rev16_text), (4 bytes).
    Removing app_scheduler.o(.revsh_text), (4 bytes).
    Removing app_gpiote.o(.rev16_text), (4 bytes).
    Removing app_gpiote.o(.revsh_text), (4 bytes).
    Removing softdevice_handler.o(.rev16_text), (4 bytes).
    Removing softdevice_handler.o(.revsh_text), (4 bytes).
    Removing pstorage.o(.rev16_text), (4 bytes).
    Removing pstorage.o(.revsh_text), (4 bytes).
    Removing app_button.o(.rev16_text), (4 bytes).
    Removing app_button.o(.revsh_text), (4 bytes).
    Removing app_button.o(.text), (692 bytes).
    Removing app_button.o(.data), (32 bytes).
    Removing nrf_delay.o(.rev16_text), (4 bytes).
    Removing nrf_delay.o(.revsh_text), (4 bytes).
    Removing ble_debug_assert_handler.o(.rev16_text), (4 bytes).
    Removing ble_debug_assert_handler.o(.revsh_text), (4 bytes).
    Removing ble_srv_common.o(.text), (136 bytes).
    Removing dfu_transport_ble.o(.rev16_text), (4 bytes).
    Removing dfu_transport_ble.o(.revsh_text), (4 bytes).

33 unused section(s) (total 1006 bytes) removed from the image.

==============================================================================

Image Symbol Table

    Local Symbols

    Symbol Name                              Value     Ov Type        Size  Object(Section)

    ../clib/angel/boardlib.s                 0x00000000   Number         0  boardinit1.o ABSOLUTE
    ../clib/angel/boardlib.s                 0x00000000   Number         0  boardinit2.o ABSOLUTE
    ../clib/angel/boardlib.s                 0x00000000   Number         0  boardshut.o ABSOLUTE
    ../clib/angel/boardlib.s                 0x00000000   Number         0  boardinit3.o ABSOLUTE
    ../clib/angel/handlers.s                 0x00000000   Number         0  __scatter_zi.o ABSOLUTE
    ../clib/angel/handlers.s                 0x00000000   Number         0  __scatter_copy.o ABSOLUTE
    ../clib/angel/kernel.s                   0x00000000   Number         0  __rtentry4.o ABSOLUTE
    ../clib/angel/kernel.s                   0x00000000   Number         0  __rtentry2.o ABSOLUTE
    ../clib/angel/kernel.s                   0x00000000   Number         0  rtexit.o ABSOLUTE
    ../clib/angel/kernel.s                   0x00000000   Number         0  rtexit2.o ABSOLUTE
    ../clib/angel/kernel.s                   0x00000000   Number         0  __rtentry.o ABSOLUTE
    ../clib/angel/rt.s                       0x00000000   Number         0  aeabi_idiv0.o ABSOLUTE
    ../clib/angel/rt.s                       0x00000000   Number         0  aeabi_idiv0_sigfpe.o ABSOLUTE
    ../clib/angel/rt.s                       0x00000000   Number         0  rt_div0.o ABSOLUTE
    ../clib/angel/rt.s                       0x00000000   Number         0  rt_raise.o ABSOLUTE
    ../clib/angel/scatterp.s                 0x00000000   Number         0  __scatter.o ABSOLUTE
    ../clib/angel/startup.s                  0x00000000   Number         0  __main.o ABSOLUTE
    ../clib/angel/sys.s                      0x00000000   Number         0  indicate_semi.o ABSOLUTE
    ../clib/angel/sys.s                      0x00000000   Number         0  use_no_semi.o ABSOLUTE
    ../clib/angel/sys.s                      0x00000000   Number         0  libspace.o ABSOLUTE
    ../clib/angel/sys.s                      0x00000000   Number         0  tempstk.o ABSOLUTE
    ../clib/angel/sys.s                      0x00000000   Number         0  sys_stackheap_outer.o ABSOLUTE
    ../clib/angel/sysapp.c                   0x00000000   Number         0  sys_wrch.o ABSOLUTE
    ../clib/angel/sysapp.c                   0x00000000   Number         0  sys_command.o ABSOLUTE
    ../clib/angel/sysapp.c                   0x00000000   Number         0  sys_exit.o ABSOLUTE
    ../clib/armsys.c                         0x00000000   Number         0  _get_argv_nomalloc.o ABSOLUTE
    ../clib/armsys.c                         0x00000000   Number         0  argv_veneer.o ABSOLUTE
    ../clib/armsys.c                         0x00000000   Number         0  no_argv.o ABSOLUTE
    ../clib/division.s                       0x00000000   Number         0  aeabi_sdiv_div0.o ABSOLUTE
    ../clib/division.s                       0x00000000   Number         0  aeabi_sdiv.o ABSOLUTE
    ../clib/heapalloc.c                      0x00000000   Number         0  hrguard.o ABSOLUTE
    ../clib/heapaux.c                        0x00000000   Number         0  heapauxi.o ABSOLUTE
    ../clib/libinit.s                        0x00000000   Number         0  libshutdown.o ABSOLUTE
    ../clib/libinit.s                        0x00000000   Number         0  libshutdown2.o ABSOLUTE
    ../clib/libinit.s                        0x00000000   Number         0  libinit2.o ABSOLUTE
    ../clib/libinit.s                        0x00000000   Number         0  libinit.o ABSOLUTE
    ../clib/memcpset.c                       0x00000000   Number         0  rt_memclr.o ABSOLUTE
    ../clib/memcpset.c                       0x00000000   Number         0  rt_memcpy.o ABSOLUTE
    ../clib/memcpset.c                       0x00000000   Number         0  rt_memcpy.o ABSOLUTE
    ../clib/signal.c                         0x00000000   Number         0  defsig_rtmem_outer.o ABSOLUTE
    ../clib/signal.c                         0x00000000   Number         0  defsig_rtmem_formal.o ABSOLUTE
    ../clib/signal.c                         0x00000000   Number         0  defsig_fpe_formal.o ABSOLUTE
    ../clib/signal.c                         0x00000000   Number         0  defsig_fpe_outer.o ABSOLUTE
    ../clib/signal.c                         0x00000000   Number         0  defsig_general.o ABSOLUTE
    ../clib/signal.c                         0x00000000   Number         0  __raise.o ABSOLUTE
    ../clib/signal.c                         0x00000000   Number         0  defsig_rtred_inner.o ABSOLUTE
    ../clib/signal.c                         0x00000000   Number         0  defsig_stak_inner.o ABSOLUTE
    ../clib/signal.c                         0x00000000   Number         0  defsig_exit.o ABSOLUTE
    ../clib/signal.c                         0x00000000   Number         0  defsig_pvfn_inner.o ABSOLUTE
    ../clib/signal.c                         0x00000000   Number         0  defsig_abrt_inner.o ABSOLUTE
    ../clib/signal.c                         0x00000000   Number         0  defsig_cppl_inner.o ABSOLUTE
    ../clib/signal.c                         0x00000000   Number         0  defsig_segv_inner.o ABSOLUTE
    ../clib/signal.c                         0x00000000   Number         0  defsig_other.o ABSOLUTE
    ../clib/signal.c                         0x00000000   Number         0  defsig_fpe_inner.o ABSOLUTE
    ../clib/signal.c                         0x00000000   Number         0  defsig_rtmem_inner.o ABSOLUTE
    ../clib/signal.s                         0x00000000   Number         0  defsig.o ABSOLUTE
    ../clib/stdlib.c                         0x00000000   Number         0  exit.o ABSOLUTE
    ../clib/string.c                         0x00000000   Number         0  strncpy.o ABSOLUTE
    ../clib/string.c                         0x00000000   Number         0  strlen.o ABSOLUTE
    ../fplib/cfplib/fpinit.c                 0x00000000   Number         0  fpinit.o ABSOLUTE
    ..\..\..\..\..\Source\app_common\app_button.c 0x00000000   Number         0  app_button.o ABSOLUTE
    ..\..\..\..\..\Source\app_common\app_gpiote.c 0x00000000   Number         0  app_gpiote.o ABSOLUTE
    ..\..\..\..\..\Source\app_common\app_scheduler.c 0x00000000   Number         0  app_scheduler.o ABSOLUTE
    ..\..\..\..\..\Source\app_common\app_timer.c 0x00000000   Number         0  app_timer.o ABSOLUTE
    ..\..\..\..\..\Source\app_common\crc16.c 0x00000000   Number         0  crc16.o ABSOLUTE
    ..\..\..\..\..\Source\app_common\hci_mem_pool.c 0x00000000   Number         0  hci_mem_pool.o ABSOLUTE
    ..\..\..\..\..\Source\app_common\pstorage.c 0x00000000   Number         0  pstorage.o ABSOLUTE
    ..\..\..\..\..\Source\ble\ble_advdata.c  0x00000000   Number         0  ble_advdata.o ABSOLUTE
    ..\..\..\..\..\Source\ble\ble_conn_params.c 0x00000000   Number         0  ble_conn_params.o ABSOLUTE
    ..\..\..\..\..\Source\ble\ble_debug_assert_handler.c 0x00000000   Number         0  ble_debug_assert_handler.o ABSOLUTE
    ..\..\..\..\..\Source\ble\ble_services\ble_srv_common.c 0x00000000   Number         0  ble_srv_common.o ABSOLUTE
    ..\..\..\..\..\Source\bootloader_dfu\bootloader_settings_arm.c 0x00000000   Number         0  bootloader_settings_arm.o ABSOLUTE
    ..\..\..\..\..\Source\bootloader_dfu\bootloader_util_arm.c 0x00000000   Number         0  bootloader_util_arm.o ABSOLUTE
    ..\..\..\..\..\Source\nrf_delay\nrf_delay.c 0x00000000   Number         0  nrf_delay.o ABSOLUTE
    ..\..\..\..\..\Source\sd_common\softdevice_handler.c 0x00000000   Number         0  softdevice_handler.o ABSOLUTE
    ..\..\..\..\..\Source\templates\system_nrf51.c 0x00000000   Number         0  system_nrf51.o ABSOLUTE
    ..\\..\\..\\..\\..\\Source\\app_common\\app_button.c 0x00000000   Number         0  app_button.o ABSOLUTE
    ..\\..\\..\\..\\..\\Source\\app_common\\app_gpiote.c 0x00000000   Number         0  app_gpiote.o ABSOLUTE
    ..\\..\\..\\..\\..\\Source\\app_common\\app_scheduler.c 0x00000000   Number         0  app_scheduler.o ABSOLUTE
    ..\\..\\..\\..\\..\\Source\\app_common\\app_timer.c 0x00000000   Number         0  app_timer.o ABSOLUTE
    ..\\..\\..\\..\\..\\Source\\app_common\\pstorage.c 0x00000000   Number         0  pstorage.o ABSOLUTE
    ..\\..\\..\\..\\..\\Source\\ble\\ble_debug_assert_handler.c 0x00000000   Number         0  ble_debug_assert_handler.o ABSOLUTE
    ..\\..\\..\\..\\..\\Source\\bootloader_dfu\\bootloader_settings_arm.c 0x00000000   Number         0  bootloader_settings_arm.o ABSOLUTE
    ..\\..\\..\\..\\..\\Source\\bootloader_dfu\\bootloader_util_arm.c 0x00000000   Number         0  bootloader_util_arm.o ABSOLUTE
    ..\\..\\..\\..\\..\\Source\\nrf_delay\\nrf_delay.c 0x00000000   Number         0  nrf_delay.o ABSOLUTE
    ..\\..\\..\\..\\..\\Source\\sd_common\\softdevice_handler.c 0x00000000   Number         0  softdevice_handler.o ABSOLUTE
    ..\\..\\..\\..\\..\\Source\\templates\\system_nrf51.c 0x00000000   Number         0  system_nrf51.o ABSOLUTE
    ..\\bootloader.c                         0x00000000   Number         0  bootloader.o ABSOLUTE
    ..\\dfu_dual_bank.c                      0x00000000   Number         0  dfu_dual_bank.o ABSOLUTE
    ..\\dfu_transport_ble.c                  0x00000000   Number         0  dfu_transport_ble.o ABSOLUTE
    ..\\main.c                               0x00000000   Number         0  main.o ABSOLUTE
    ..\arm_startup_nrf51.s                   0x00000000   Number         0  arm_startup_nrf51.o ABSOLUTE
    ..\ble_dfu.c                             0x00000000   Number         0  ble_dfu.o ABSOLUTE
    ..\bootloader.c                          0x00000000   Number         0  bootloader.o ABSOLUTE
    ..\dfu_dual_bank.c                       0x00000000   Number         0  dfu_dual_bank.o ABSOLUTE
    ..\dfu_transport_ble.c                   0x00000000   Number         0  dfu_transport_ble.o ABSOLUTE
    ..\main.c                                0x00000000   Number         0  main.o ABSOLUTE
    dc.s                                     0x00000000   Number         0  dc.o ABSOLUTE
    RESET                                    0x0003a000   Section      192  arm_startup_nrf51.o(RESET)
    !!!main                                  0x0003a0c0   Section        8  __main.o(!!!main)
    !!!scatter                               0x0003a0c8   Section       60  __scatter.o(!!!scatter)
    !!handler_copy                           0x0003a104   Section       26  __scatter_copy.o(!!handler_copy)
    !!handler_zi                             0x0003a120   Section       28  __scatter_zi.o(!!handler_zi)
    .ARM.Collect$$libinit$$00000000          0x0003a13c   Section        2  libinit.o(.ARM.Collect$$libinit$$00000000)
    .ARM.Collect$$libinit$$00000002          0x0003a13e   Section        0  libinit2.o(.ARM.Collect$$libinit$$00000002)
    .ARM.Collect$$libinit$$00000004          0x0003a13e   Section        0  libinit2.o(.ARM.Collect$$libinit$$00000004)
    .ARM.Collect$$libinit$$0000000A          0x0003a13e   Section        0  libinit2.o(.ARM.Collect$$libinit$$0000000A)
    .ARM.Collect$$libinit$$0000000C          0x0003a13e   Section        0  libinit2.o(.ARM.Collect$$libinit$$0000000C)
    .ARM.Collect$$libinit$$0000000E          0x0003a13e   Section        0  libinit2.o(.ARM.Collect$$libinit$$0000000E)
    .ARM.Collect$$libinit$$00000011          0x0003a13e   Section        0  libinit2.o(.ARM.Collect$$libinit$$00000011)
    .ARM.Collect$$libinit$$00000013          0x0003a13e   Section        0  libinit2.o(.ARM.Collect$$libinit$$00000013)
    .ARM.Collect$$libinit$$00000015          0x0003a13e   Section        0  libinit2.o(.ARM.Collect$$libinit$$00000015)
    .ARM.Collect$$libinit$$00000017          0x0003a13e   Section        0  libinit2.o(.ARM.Collect$$libinit$$00000017)
    .ARM.Collect$$libinit$$00000019          0x0003a13e   Section        0  libinit2.o(.ARM.Collect$$libinit$$00000019)
    .ARM.Collect$$libinit$$0000001B          0x0003a13e   Section        0  libinit2.o(.ARM.Collect$$libinit$$0000001B)
    .ARM.Collect$$libinit$$0000001D          0x0003a13e   Section        0  libinit2.o(.ARM.Collect$$libinit$$0000001D)
    .ARM.Collect$$libinit$$0000001F          0x0003a13e   Section        0  libinit2.o(.ARM.Collect$$libinit$$0000001F)
    .ARM.Collect$$libinit$$00000021          0x0003a13e   Section        0  libinit2.o(.ARM.Collect$$libinit$$00000021)
    .ARM.Collect$$libinit$$00000023          0x0003a13e   Section        0  libinit2.o(.ARM.Collect$$libinit$$00000023)
    .ARM.Collect$$libinit$$00000025          0x0003a13e   Section        0  libinit2.o(.ARM.Collect$$libinit$$00000025)
    .ARM.Collect$$libinit$$0000002C          0x0003a13e   Section        0  libinit2.o(.ARM.Collect$$libinit$$0000002C)
    .ARM.Collect$$libinit$$0000002E          0x0003a13e   Section        0  libinit2.o(.ARM.Collect$$libinit$$0000002E)
    .ARM.Collect$$libinit$$00000030          0x0003a13e   Section        0  libinit2.o(.ARM.Collect$$libinit$$00000030)
    .ARM.Collect$$libinit$$00000032          0x0003a13e   Section        0  libinit2.o(.ARM.Collect$$libinit$$00000032)
    .ARM.Collect$$libinit$$00000033          0x0003a13e   Section        2  libinit2.o(.ARM.Collect$$libinit$$00000033)
    .ARM.Collect$$libshutdown$$00000000      0x0003a140   Section        2  libshutdown.o(.ARM.Collect$$libshutdown$$00000000)
    .ARM.Collect$$libshutdown$$00000003      0x0003a142   Section        0  libshutdown2.o(.ARM.Collect$$libshutdown$$00000003)
    .ARM.Collect$$libshutdown$$00000006      0x0003a142   Section        0  libshutdown2.o(.ARM.Collect$$libshutdown$$00000006)
    .ARM.Collect$$libshutdown$$00000009      0x0003a142   Section        0  libshutdown2.o(.ARM.Collect$$libshutdown$$00000009)
    .ARM.Collect$$libshutdown$$0000000B      0x0003a142   Section        0  libshutdown2.o(.ARM.Collect$$libshutdown$$0000000B)
    .ARM.Collect$$libshutdown$$0000000E      0x0003a142   Section        0  libshutdown2.o(.ARM.Collect$$libshutdown$$0000000E)
    .ARM.Collect$$libshutdown$$0000000F      0x0003a142   Section        2  libshutdown2.o(.ARM.Collect$$libshutdown$$0000000F)
    .ARM.Collect$$rtentry$$00000000          0x0003a144   Section        0  __rtentry.o(.ARM.Collect$$rtentry$$00000000)
    .ARM.Collect$$rtentry$$00000002          0x0003a144   Section        0  __rtentry2.o(.ARM.Collect$$rtentry$$00000002)
    .ARM.Collect$$rtentry$$00000004          0x0003a144   Section        6  __rtentry4.o(.ARM.Collect$$rtentry$$00000004)
    .ARM.Collect$$rtentry$$00000009          0x0003a14a   Section        0  __rtentry2.o(.ARM.Collect$$rtentry$$00000009)
    .ARM.Collect$$rtentry$$0000000A          0x0003a14a   Section        4  __rtentry2.o(.ARM.Collect$$rtentry$$0000000A)
    .ARM.Collect$$rtentry$$0000000C          0x0003a14e   Section        0  __rtentry2.o(.ARM.Collect$$rtentry$$0000000C)
    .ARM.Collect$$rtentry$$0000000D          0x0003a14e   Section        8  __rtentry2.o(.ARM.Collect$$rtentry$$0000000D)
    .ARM.Collect$$rtexit$$00000000           0x0003a156   Section        2  rtexit.o(.ARM.Collect$$rtexit$$00000000)
    .ARM.Collect$$rtexit$$00000002           0x0003a158   Section        0  rtexit2.o(.ARM.Collect$$rtexit$$00000002)
    .ARM.Collect$$rtexit$$00000003           0x0003a158   Section        4  rtexit2.o(.ARM.Collect$$rtexit$$00000003)
    .ARM.Collect$$rtexit$$00000004           0x0003a15c   Section        6  rtexit2.o(.ARM.Collect$$rtexit$$00000004)
    .emb_text                                0x0003a164   Section       88  bootloader_util_arm.o(.emb_text)
    .emb_text                                0x0003a1bc   Section       30  app_timer.o(.emb_text)
    .emb_text                                0x0003a1dc   Section       30  nrf_delay.o(.emb_text)
    .emb_text                                0x0003a1fc   Section       56  rt_memcpy.o(.emb_text)
    .text                                    0x0003a234   Section        0  system_nrf51.o(.text)
    is_disabled_in_debug_needed              0x0003a23d   Thumb Code    52  system_nrf51.o(.text)
    is_manual_peripheral_setup_needed        0x0003a271   Thumb Code   104  system_nrf51.o(.text)
    .text                                    0x0003a31c   Section       72  arm_startup_nrf51.o(.text)
    .text                                    0x0003a364   Section        0  main.o(.text)
    leds_init                                0x0003a38d   Thumb Code    28  main.o(.text)
    leds_off                                 0x0003a3a9   Thumb Code    28  main.o(.text)
    gpiote_init                              0x0003a3c5   Thumb Code    40  main.o(.text)
    timers_init                              0x0003a3ed   Thumb Code    48  main.o(.text)
    buttons_init                             0x0003a41d   Thumb Code    30  main.o(.text)
    sys_evt_dispatch                         0x0003a43b   Thumb Code    12  main.o(.text)
    ble_stack_init                           0x0003a447   Thumb Code   146  main.o(.text)
    scheduler_init                           0x0003a4d9   Thumb Code    42  main.o(.text)
    NVIC_SystemReset                         0x0003a67d   Thumb Code    18  main.o(.text)
    nrf_gpio_cfg_output                      0x0003a68f   Thumb Code    18  main.o(.text)
    nrf_gpio_pin_set                         0x0003a6a1   Thumb Code    10  main.o(.text)
    nrf_gpio_pin_clear                       0x0003a6ab   Thumb Code    10  main.o(.text)
    app_timer_evt_schedule                   0x0003a6b5   Thumb Code    22  main.o(.text)
    softdevice_evt_schedule                  0x0003a6cb   Thumb Code    14  main.o(.text)
    app_timer_evt_get                        0x0003a6d9   Thumb Code    48  main.o(.text)
    softdevice_evt_get                       0x0003a709   Thumb Code    42  main.o(.text)
    .text                                    0x0003a7e8   Section        0  bootloader_util_arm.o(.text)
    .text                                    0x0003a7f4   Section        0  bootloader_settings_arm.o(.text)
    .text                                    0x0003a800   Section        0  dfu_dual_bank.o(.text)
    pstorage_callback_handler                0x0003a801   Thumb Code   138  dfu_dual_bank.o(.text)
    dfu_timeout_handler                      0x0003a88b   Thumb Code    36  dfu_dual_bank.o(.text)
    dfu_timer_restart                        0x0003a8af   Thumb Code    92  dfu_dual_bank.o(.text)
    dfu_prepare_func_app_erase               0x0003a90b   Thumb Code    54  dfu_dual_bank.o(.text)
    dfu_prepare_func                         0x0003a941   Thumb Code    38  dfu_dual_bank.o(.text)
    dfu_activate_sd                          0x0003a999   Thumb Code    62  dfu_dual_bank.o(.text)
    dfu_activate_app                         0x0003a9d7   Thumb Code   102  dfu_dual_bank.o(.text)
    dfu_activate_bl                          0x0003aa3d   Thumb Code    56  dfu_dual_bank.o(.text)
    dfu_compare_block                        0x0003aea9   Thumb Code    28  dfu_dual_bank.o(.text)
    dfu_copy_sd                              0x0003aec5   Thumb Code    28  dfu_dual_bank.o(.text)
    dfu_sd_img_block_swap                    0x0003aee1   Thumb Code    94  dfu_dual_bank.o(.text)
    .text                                    0x0003b114   Section        0  bootloader.o(.text)
    pstorage_callback_handler                0x0003b115   Thumb Code    52  bootloader.o(.text)
    wait_for_events                          0x0003b149   Thumb Code    64  bootloader.o(.text)
    bootloader_settings_save                 0x0003b1d7   Thumb Code    78  bootloader.o(.text)
    interrupts_disable                       0x0003b3ed   Thumb Code    46  bootloader.o(.text)
    .text                                    0x0003b598   Section        0  ble_dfu.o(.text)
    uint32_encode                            0x0003b599   Thumb Code    32  ble_dfu.o(.text)
    dfu_pkt_char_add                         0x0003b5b9   Thumb Code   204  ble_dfu.o(.text)
    dfu_ctrl_pt_add                          0x0003b685   Thumb Code   220  ble_dfu.o(.text)
    on_connect                               0x0003b761   Thumb Code     6  ble_dfu.o(.text)
    is_cccd_configured                       0x0003b767   Thumb Code    58  ble_dfu.o(.text)
    on_ctrl_pt_write                         0x0003b821   Thumb Code   284  ble_dfu.o(.text)
    on_rw_auth_req                           0x0003b93d   Thumb Code    52  ble_dfu.o(.text)
    on_write                                 0x0003b971   Thumb Code    40  ble_dfu.o(.text)
    on_disconnect                            0x0003b999   Thumb Code     8  ble_dfu.o(.text)
    uint16_decode                            0x0003bbb7   Thumb Code    12  ble_dfu.o(.text)
    .text                                    0x0003bbd0   Section        0  hci_mem_pool.o(.text)
    .text                                    0x0003bd98   Section        0  app_timer.o(.text)
    NVIC_SetPriority                         0x0003bd99   Thumb Code   110  app_timer.o(.text)
    rtc1_init                                0x0003be07   Thumb Code    18  app_timer.o(.text)
    rtc1_start                               0x0003be19   Thumb Code    48  app_timer.o(.text)
    rtc1_stop                                0x0003be49   Thumb Code    68  app_timer.o(.text)
    timer_list_insert                        0x0003be8d   Thumb Code   212  app_timer.o(.text)
    timer_list_remove                        0x0003bf61   Thumb Code   170  app_timer.o(.text)
    timer_timeouts_check_sched               0x0003c00b   Thumb Code    10  app_timer.o(.text)
    timer_list_handler_sched                 0x0003c015   Thumb Code    10  app_timer.o(.text)
    timeout_handler_exec                     0x0003c01f   Thumb Code    60  app_timer.o(.text)
    timer_timeouts_check                     0x0003c05b   Thumb Code   132  app_timer.o(.text)
    elapsed_ticks_acquire                    0x0003c0df   Thumb Code    82  app_timer.o(.text)
    list_deletions_handler                   0x0003c131   Thumb Code   284  app_timer.o(.text)
    expired_timers_handler                   0x0003c24d   Thumb Code   100  app_timer.o(.text)
    list_insertions_handler                  0x0003c2b1   Thumb Code   264  app_timer.o(.text)
    compare_reg_update                       0x0003c3b9   Thumb Code   124  app_timer.o(.text)
    timer_list_handler                       0x0003c435   Thumb Code    70  app_timer.o(.text)
    user_op_enque                            0x0003c47b   Thumb Code     4  app_timer.o(.text)
    user_op_alloc                            0x0003c47f   Thumb Code    44  app_timer.o(.text)
    timer_start_op_schedule                  0x0003c4ab   Thumb Code    80  app_timer.o(.text)
    timer_stop_op_schedule                   0x0003c4fb   Thumb Code    58  app_timer.o(.text)
    timer_stop_all_op_schedule               0x0003c535   Thumb Code    58  app_timer.o(.text)
    user_id_get                              0x0003c6ff   Thumb Code    34  app_timer.o(.text)
    NVIC_EnableIRQ                           0x0003c7fd   Thumb Code    14  app_timer.o(.text)
    NVIC_SetPendingIRQ                       0x0003c80b   Thumb Code    14  app_timer.o(.text)
    NVIC_ClearPendingIRQ                     0x0003c819   Thumb Code    16  app_timer.o(.text)
    current_int_priority_get                 0x0003c829   Thumb Code    84  app_timer.o(.text)
    rtc1_counter_get                         0x0003c87d   Thumb Code     6  app_timer.o(.text)
    ticks_diff_get                           0x0003c883   Thumb Code    10  app_timer.o(.text)
    .text                                    0x0003c8bc   Section        0  app_scheduler.o(.text)
    app_sched_event_get                      0x0003c9ed   Thumb Code    84  app_scheduler.o(.text)
    current_int_priority_get                 0x0003ca5f   Thumb Code    84  app_scheduler.o(.text)
    next_index                               0x0003cab3   Thumb Code    20  app_scheduler.o(.text)
    .text                                    0x0003cb20   Section        0  app_gpiote.o(.text)
    sense_level_toggle                       0x0003cb21   Thumb Code   128  app_gpiote.o(.text)
    pins_sense_disable                       0x0003cc3f   Thumb Code    98  app_gpiote.o(.text)
    NVIC_SetPriority                         0x0003cef7   Thumb Code   110  app_gpiote.o(.text)
    .text                                    0x0003cf8c   Section        0  crc16.o(.text)
    .text                                    0x0003cfd0   Section        0  softdevice_handler.o(.text)
    .text                                    0x0003d1a4   Section        0  pstorage.o(.text)
    cmd_queue_element_init                   0x0003d1a5   Thumb Code    56  pstorage.o(.text)
    cmd_queue_init                           0x0003d1dd   Thumb Code    40  pstorage.o(.text)
    swap_state_process                       0x0003d205   Thumb Code   444  pstorage.o(.text)
    cmd_process                              0x0003d3c1   Thumb Code   372  pstorage.o(.text)
    cmd_queue_enqueue                        0x0003d535   Thumb Code   160  pstorage.o(.text)
    cmd_queue_dequeue                        0x0003d5d5   Thumb Code    32  pstorage.o(.text)
    app_notify                               0x0003d5f5   Thumb Code   128  pstorage.o(.text)
    is_word_aligned                          0x0003deb1   Thumb Code    18  pstorage.o(.text)
    .text                                    0x0003decc   Section        0  nrf_delay.o(.text)
    .text                                    0x0003dee8   Section        0  ble_debug_assert_handler.o(.text)
    .text                                    0x0003df24   Section        0  ble_conn_params.o(.text)
    is_conn_params_ok                        0x0003df25   Thumb Code    30  ble_conn_params.o(.text)
    update_timeout_handler                   0x0003df43   Thumb Code   136  ble_conn_params.o(.text)
    conn_params_negotiation                  0x0003e031   Thumb Code   126  ble_conn_params.o(.text)
    on_connect                               0x0003e0af   Thumb Code    42  ble_conn_params.o(.text)
    on_disconnect                            0x0003e0d9   Thumb Code    50  ble_conn_params.o(.text)
    on_write                                 0x0003e10b   Thumb Code    84  ble_conn_params.o(.text)
    on_conn_params_update                    0x0003e15f   Thumb Code    20  ble_conn_params.o(.text)
    .text                                    0x0003e22c   Section        0  ble_advdata.o(.text)
    name_encode                              0x0003e22d   Thumb Code   150  ble_advdata.o(.text)
    appearance_encode                        0x0003e2c3   Thumb Code    74  ble_advdata.o(.text)
    uint8_array_encode                       0x0003e30d   Thumb Code    82  ble_advdata.o(.text)
    tx_power_level_encode                    0x0003e35f   Thumb Code    48  ble_advdata.o(.text)
    uuid_list_sized_encode                   0x0003e38f   Thumb Code   196  ble_advdata.o(.text)
    uuid_list_encode                         0x0003e453   Thumb Code    64  ble_advdata.o(.text)
    conn_int_check                           0x0003e493   Thumb Code    88  ble_advdata.o(.text)
    conn_int_encode                          0x0003e4eb   Thumb Code    92  ble_advdata.o(.text)
    manuf_specific_data_encode               0x0003e547   Thumb Code   106  ble_advdata.o(.text)
    service_data_encode                      0x0003e5b1   Thumb Code   140  ble_advdata.o(.text)
    adv_data_encode                          0x0003e63d   Thumb Code   304  ble_advdata.o(.text)
    advdata_check                            0x0003e76d   Thumb Code    34  ble_advdata.o(.text)
    srdata_check                             0x0003e78f   Thumb Code    16  ble_advdata.o(.text)
    uint16_encode                            0x0003e819   Thumb Code    18  ble_advdata.o(.text)
    .text                                    0x0003e830   Section        0  dfu_transport_ble.o(.text)
    nrf_err_code_translate                   0x0003e831   Thumb Code    60  dfu_transport_ble.o(.text)
    dfu_cb_handler                           0x0003e86d   Thumb Code   154  dfu_transport_ble.o(.text)
    dfu_error_notify                         0x0003e907   Thumb Code    54  dfu_transport_ble.o(.text)
    start_data_process                       0x0003e93d   Thumb Code   200  dfu_transport_ble.o(.text)
    init_data_process                        0x0003ea05   Thumb Code   128  dfu_transport_ble.o(.text)
    app_data_process                         0x0003ea85   Thumb Code   350  dfu_transport_ble.o(.text)
    on_dfu_pkt_write                         0x0003ebe3   Thumb Code    60  dfu_transport_ble.o(.text)
    conn_params_error_handler                0x0003ec1f   Thumb Code    22  dfu_transport_ble.o(.text)
    conn_params_init                         0x0003ec35   Thumb Code   162  dfu_transport_ble.o(.text)
    advertising_stop                         0x0003ecd7   Thumb Code    54  dfu_transport_ble.o(.text)
    on_dfu_evt                               0x0003ed65   Thumb Code   302  dfu_transport_ble.o(.text)
    advertising_start                        0x0003ee93   Thumb Code    58  dfu_transport_ble.o(.text)
    on_ble_evt                               0x0003eecd   Thumb Code   218  dfu_transport_ble.o(.text)
    ble_evt_dispatch                         0x0003efa7   Thumb Code    26  dfu_transport_ble.o(.text)
    leds_init                                0x0003efc1   Thumb Code    22  dfu_transport_ble.o(.text)
    gap_params_init                          0x0003efd7   Thumb Code   126  dfu_transport_ble.o(.text)
    advertising_init                         0x0003f055   Thumb Code   196  dfu_transport_ble.o(.text)
    service_error_handler                    0x0003f119   Thumb Code    20  dfu_transport_ble.o(.text)
    services_init                            0x0003f12d   Thumb Code    54  dfu_transport_ble.o(.text)
    sec_params_init                          0x0003f163   Thumb Code    62  dfu_transport_ble.o(.text)
    uint32_decode                            0x0003f1ed   Thumb Code    24  dfu_transport_ble.o(.text)
    nrf_gpio_cfg_output                      0x0003f205   Thumb Code    18  dfu_transport_ble.o(.text)
    nrf_gpio_pin_set                         0x0003f217   Thumb Code    10  dfu_transport_ble.o(.text)
    nrf_gpio_pin_clear                       0x0003f221   Thumb Code    10  dfu_transport_ble.o(.text)
    .text                                    0x0003f254   Section        0  rt_memcpy.o(.text)
    .text                                    0x0003f2d6   Section        0  rt_memclr.o(.text)
    .text                                    0x0003f318   Section        0  strncpy.o(.text)
    .text                                    0x0003f384   Section      346  aeabi_sdiv.o(.text)
    .text                                    0x0003f4de   Section        0  heapauxi.o(.text)
    .text                                    0x0003f4e4   Section       62  sys_stackheap_outer.o(.text)
    .text                                    0x0003f522   Section        0  exit.o(.text)
    .text                                    0x0003f530   Section        8  libspace.o(.text)
    .text                                    0x0003f538   Section        0  sys_exit.o(.text)
    .text                                    0x0003f544   Section        2  use_no_semi.o(.text)
    .text                                    0x0003f546   Section        0  indicate_semi.o(.text)
    i.__ARM_common_switch8                   0x0003f546   Section        0  ble_dfu.o(i.__ARM_common_switch8)
    .constdata                               0x0003f564   Section       16  main.o(.constdata)
    .constdata                               0x0003f574   Section       36  dfu_dual_bank.o(.constdata)
    .constdata                               0x0003f598   Section       24  bootloader.o(.constdata)
    .constdata                               0x0003f5b0   Section       16  ble_dfu.o(.constdata)
    .constdata                               0x0003f5c0   Section       12  dfu_transport_ble.o(.constdata)
    .ARM.__AT_0x0003FC00                     0x0003fc00   Section     1024  bootloader_settings_arm.o(.ARM.__AT_0x0003FC00)
    __tagsym$$used                           0x0003fc00   Number         0  bootloader_settings_arm.o(.ARM.__AT_0x0003FC00)
    .ARM.__AT_0x10001014                     0x10001014   Section        4  bootloader_settings_arm.o(.ARM.__AT_0x10001014)
    .data                                    0x20002800   Section        4  system_nrf51.o(.data)
    __tagsym$$used                           0x20002800   Number         0  system_nrf51.o(.data)
    .data                                    0x20002804   Section       56  dfu_dual_bank.o(.data)
    m_data_received                          0x20002804   Data           4  dfu_dual_bank.o(.data)
    m_dfu_state                              0x20002808   Data           4  dfu_dual_bank.o(.data)
    m_image_size                             0x2000280c   Data           4  dfu_dual_bank.o(.data)
    m_init_packet_length                     0x20002810   Data           1  dfu_dual_bank.o(.data)
    m_image_crc                              0x20002812   Data           2  dfu_dual_bank.o(.data)
    m_dfu_timer_id                           0x20002814   Data           4  dfu_dual_bank.o(.data)
    m_dfu_timed_out                          0x20002818   Data           1  dfu_dual_bank.o(.data)
    m_storage_handle_swap                    0x2000281c   Data           8  dfu_dual_bank.o(.data)
    m_storage_handle_app                     0x20002824   Data           8  dfu_dual_bank.o(.data)
    mp_storage_handle_active                 0x2000282c   Data           4  dfu_dual_bank.o(.data)
    m_data_pkt_cb                            0x20002830   Data           4  dfu_dual_bank.o(.data)
    m_functions                              0x20002834   Data           8  dfu_dual_bank.o(.data)
    .data                                    0x2000283c   Section       12  bootloader.o(.data)
    m_bootsettings_handle                    0x2000283c   Data           8  bootloader.o(.data)
    m_update_status                          0x20002844   Data           4  bootloader.o(.data)
    .data                                    0x20002848   Section        8  ble_dfu.o(.data)
    m_is_dfu_service_initialized             0x20002848   Data           1  ble_dfu.o(.data)
    m_notif_buffer                           0x20002849   Data           7  ble_dfu.o(.data)
    .data                                    0x20002850   Section        5  hci_mem_pool.o(.data)
    m_is_tx_allocated                        0x20002850   Data           1  hci_mem_pool.o(.data)
    tx_buffer                                0x20002851   Data           4  hci_mem_pool.o(.data)
    .data                                    0x20002858   Section       41  app_timer.o(.data)
    m_node_array_size                        0x20002858   Data           1  app_timer.o(.data)
    mp_nodes                                 0x2000285c   Data           4  app_timer.o(.data)
    m_user_array_size                        0x20002860   Data           1  app_timer.o(.data)
    mp_users                                 0x20002864   Data           4  app_timer.o(.data)
    m_timer_id_head                          0x20002868   Data           4  app_timer.o(.data)
    m_ticks_latest                           0x2000286c   Data           4  app_timer.o(.data)
    m_ticks_elapsed                          0x20002870   Data           8  app_timer.o(.data)
    m_ticks_elapsed_q_read_ind               0x20002878   Data           1  app_timer.o(.data)
    m_ticks_elapsed_q_write_ind              0x20002879   Data           1  app_timer.o(.data)
    m_evt_schedule_func                      0x2000287c   Data           4  app_timer.o(.data)
    m_rtc1_running                           0x20002880   Data           1  app_timer.o(.data)
    .data                                    0x20002884   Section       14  app_scheduler.o(.data)
    m_queue_event_headers                    0x20002884   Data           4  app_scheduler.o(.data)
    m_queue_event_data                       0x20002888   Data           4  app_scheduler.o(.data)
    m_queue_start_index                      0x2000288c   Data           1  app_scheduler.o(.data)
    m_queue_end_index                        0x2000288d   Data           1  app_scheduler.o(.data)
    m_queue_event_size                       0x2000288e   Data           2  app_scheduler.o(.data)
    m_queue_size                             0x20002890   Data           2  app_scheduler.o(.data)
    .data                                    0x20002894   Section       12  app_gpiote.o(.data)
    m_enabled_users_mask                     0x20002894   Data           4  app_gpiote.o(.data)
    m_user_array_size                        0x20002898   Data           1  app_gpiote.o(.data)
    m_user_count                             0x20002899   Data           1  app_gpiote.o(.data)
    mp_users                                 0x2000289c   Data           4  app_gpiote.o(.data)
    .data                                    0x200028a0   Section       20  softdevice_handler.o(.data)
    m_evt_schedule_func                      0x200028a0   Data           4  softdevice_handler.o(.data)
    m_evt_buffer                             0x200028a4   Data           4  softdevice_handler.o(.data)
    m_ble_evt_buffer_size                    0x200028a8   Data           2  softdevice_handler.o(.data)
    m_softdevice_enabled                     0x200028aa   Data           1  softdevice_handler.o(.data)
    m_ble_evt_handler                        0x200028ac   Data           4  softdevice_handler.o(.data)
    m_sys_evt_handler                        0x200028b0   Data           4  softdevice_handler.o(.data)
    .data                                    0x200028b4   Section       28  pstorage.o(.data)
    m_next_app_instance                      0x200028b4   Data           4  pstorage.o(.data)
    m_next_page_addr                         0x200028b8   Data           4  pstorage.o(.data)
    m_round_val                              0x200028bc   Data           4  pstorage.o(.data)
    m_module_initialized                     0x200028c0   Data           1  pstorage.o(.data)
    m_swap_state                             0x200028c4   Data           4  pstorage.o(.data)
    m_raw_app_table                          0x200028c8   Data           8  pstorage.o(.data)
    .data                                    0x200028d0   Section        8  ble_debug_assert_handler.o(.data)
    s_line_num                               0x200028d0   Data           2  ble_debug_assert_handler.o(.data)
    s_error_code                             0x200028d4   Data           4  ble_debug_assert_handler.o(.data)
    .data                                    0x200028d8   Section       25  ble_conn_params.o(.data)
    m_preferred_conn_params                  0x200028d8   Data           8  ble_conn_params.o(.data)
    m_update_count                           0x200028e0   Data           1  ble_conn_params.o(.data)
    m_conn_handle                            0x200028e2   Data           2  ble_conn_params.o(.data)
    m_current_conn_params                    0x200028e4   Data           8  ble_conn_params.o(.data)
    m_conn_params_timer_id                   0x200028ec   Data           4  ble_conn_params.o(.data)
    m_change_param                           0x200028f0   Data           1  ble_conn_params.o(.data)
    .data                                    0x200028f4   Section       33  dfu_transport_ble.o(.data)
    m_sec_params                             0x200028f4   Data           5  dfu_transport_ble.o(.data)
    m_pkt_type                               0x200028fc   Data           4  dfu_transport_ble.o(.data)
    m_update_mode                            0x20002900   Data           1  dfu_transport_ble.o(.data)
    m_num_of_firmware_bytes_rcvd             0x20002904   Data           4  dfu_transport_ble.o(.data)
    m_pkt_notif_target                       0x20002908   Data           2  dfu_transport_ble.o(.data)
    m_pkt_notif_target_cnt                   0x2000290a   Data           2  dfu_transport_ble.o(.data)
    mp_rx_buffer                             0x2000290c   Data           4  dfu_transport_ble.o(.data)
    m_tear_down_in_progress                  0x20002910   Data           1  dfu_transport_ble.o(.data)
    m_pkt_rcpt_notif_enabled                 0x20002911   Data           1  dfu_transport_ble.o(.data)
    m_conn_handle                            0x20002912   Data           2  dfu_transport_ble.o(.data)
    m_is_advertising                         0x20002914   Data           1  dfu_transport_ble.o(.data)
    .bss                                     0x20002918   Section     1004  main.o(.bss)
    app_gpiote_buf                           0x20002918   Data          20  main.o(.bss)
    APP_TIMER_BUF                            0x2000292c   Data         576  main.o(.bss)
    EVT_BUFFER                               0x20002b6c   Data          72  main.o(.bss)
    APP_SCHED_BUF                            0x20002bb4   Data         336  main.o(.bss)
    .bss                                     0x20002d04   Section       80  dfu_dual_bank.o(.bss)
    m_start_packet                           0x20002d04   Data          16  dfu_dual_bank.o(.bss)
    m_init_packet                            0x20002d14   Data          64  dfu_dual_bank.o(.bss)
    .bss                                     0x20002d54   Section       32  bootloader.o(.bss)
    settings                                 0x20002d54   Data          32  bootloader.o(.bss)
    .bss                                     0x20002d74   Section      316  hci_mem_pool.o(.bss)
    m_rx_buffer_elem_queue                   0x20002d74   Data         288  hci_mem_pool.o(.bss)
    m_rx_buffer_queue                        0x20002e94   Data          28  hci_mem_pool.o(.bss)
    .bss                                     0x20002eb0   Section      264  pstorage.o(.bss)
    m_cmd_queue                              0x20002eb0   Data         244  pstorage.o(.bss)
    m_app_table                              0x20002fa4   Data          20  pstorage.o(.bss)
    .bss                                     0x20002fb8   Section      128  ble_debug_assert_handler.o(.bss)
    s_file_name                              0x20002fb8   Data         128  ble_debug_assert_handler.o(.bss)
    .bss                                     0x20003038   Section       28  ble_conn_params.o(.bss)
    m_conn_params_config                     0x20003038   Data          28  ble_conn_params.o(.bss)
    .bss                                     0x20003054   Section       60  dfu_transport_ble.o(.bss)
    m_adv_params                             0x20003054   Data          20  dfu_transport_ble.o(.bss)
    m_dfu                                    0x20003068   Data          40  dfu_transport_ble.o(.bss)
    .bss                                     0x20003090   Section       96  libspace.o(.bss)
    HEAP                                     0x200030f0   Section     1024  arm_startup_nrf51.o(HEAP)
    Heap_Mem                                 0x200030f0   Data        1024  arm_startup_nrf51.o(HEAP)
    STACK                                    0x200034f0   Section     2048  arm_startup_nrf51.o(STACK)
    Stack_Mem                                0x200034f0   Data        2048  arm_startup_nrf51.o(STACK)
    __initial_sp                             0x20003cf0   Data           0  arm_startup_nrf51.o(STACK)

    Global Symbols

    Symbol Name                              Value     Ov Type        Size  Object(Section)

    BuildAttributes$$THM_ISAv3M$S$PE$A:L22$X:L11$S22$IEEE1$IW$USESV6$~STKCKD$USESV7$ENUMINT$~SHL$OSPACE$ROPI$EBA8$UX$STANDARDLIB$REQ8$PRES8$EABIv2 0x00000000   Number         0  anon$$obj.o ABSOLUTE
    __ARM_use_no_argv                        0x00000000   Number         0  main.o ABSOLUTE
    __ARM_exceptions_init                     - Undefined Weak Reference
    __alloca_initialize                       - Undefined Weak Reference
    __arm_preinit_                            - Undefined Weak Reference
    __cpp_initialize__aeabi_                  - Undefined Weak Reference
    __cxa_finalize                            - Undefined Weak Reference
    __rt_locale                               - Undefined Weak Reference
    __sigvec_lookup                           - Undefined Weak Reference
    _atexit_init                              - Undefined Weak Reference
    _call_atexit_fns                          - Undefined Weak Reference
    _clock_init                               - Undefined Weak Reference
    _fp_trap_init                             - Undefined Weak Reference
    _fp_trap_shutdown                         - Undefined Weak Reference
    _get_lc_collate                           - Undefined Weak Reference
    _get_lc_ctype                             - Undefined Weak Reference
    _get_lc_monetary                          - Undefined Weak Reference
    _get_lc_numeric                           - Undefined Weak Reference
    _get_lc_time                              - Undefined Weak Reference
    _getenv_init                              - Undefined Weak Reference
    _handle_redirection                       - Undefined Weak Reference
    _init_alloc                               - Undefined Weak Reference
    _init_user_alloc                          - Undefined Weak Reference
    _initio                                   - Undefined Weak Reference
    _rand_init                                - Undefined Weak Reference
    _signal_finish                            - Undefined Weak Reference
    _signal_init                              - Undefined Weak Reference
    _terminate_alloc                          - Undefined Weak Reference
    _terminate_user_alloc                     - Undefined Weak Reference
    _terminateio                              - Undefined Weak Reference
    __Vectors_Size                           0x000000c0   Number         0  arm_startup_nrf51.o ABSOLUTE
    __Vectors                                0x0003a000   Data           4  arm_startup_nrf51.o(RESET)
    __Vectors_End                            0x0003a0c0   Data           0  arm_startup_nrf51.o(RESET)
    __main                                   0x0003a0c1   Thumb Code     8  __main.o(!!!main)
    __scatterload                            0x0003a0c9   Thumb Code     0  __scatter.o(!!!scatter)
    __scatterload_rt2                        0x0003a0c9   Thumb Code    52  __scatter.o(!!!scatter)
    __scatterload_rt2_thumb_only             0x0003a0c9   Thumb Code     0  __scatter.o(!!!scatter)
    __scatterload_null                       0x0003a0d9   Thumb Code     0  __scatter.o(!!!scatter)
    __scatterload_copy                       0x0003a105   Thumb Code    26  __scatter_copy.o(!!handler_copy)
    __scatterload_zeroinit                   0x0003a121   Thumb Code    28  __scatter_zi.o(!!handler_zi)
    __rt_lib_init                            0x0003a13d   Thumb Code     0  libinit.o(.ARM.Collect$$libinit$$00000000)
    __rt_lib_init_alloca_1                   0x0003a13f   Thumb Code     0  libinit2.o(.ARM.Collect$$libinit$$0000002E)
    __rt_lib_init_argv_1                     0x0003a13f   Thumb Code     0  libinit2.o(.ARM.Collect$$libinit$$0000002C)
    __rt_lib_init_atexit_1                   0x0003a13f   Thumb Code     0  libinit2.o(.ARM.Collect$$libinit$$0000001B)
    __rt_lib_init_clock_1                    0x0003a13f   Thumb Code     0  libinit2.o(.ARM.Collect$$libinit$$00000021)
    __rt_lib_init_cpp_1                      0x0003a13f   Thumb Code     0  libinit2.o(.ARM.Collect$$libinit$$00000032)
    __rt_lib_init_exceptions_1               0x0003a13f   Thumb Code     0  libinit2.o(.ARM.Collect$$libinit$$00000030)
    __rt_lib_init_fp_1                       0x0003a13f   Thumb Code     0  libinit2.o(.ARM.Collect$$libinit$$00000002)
    __rt_lib_init_fp_trap_1                  0x0003a13f   Thumb Code     0  libinit2.o(.ARM.Collect$$libinit$$0000001F)
    __rt_lib_init_getenv_1                   0x0003a13f   Thumb Code     0  libinit2.o(.ARM.Collect$$libinit$$00000023)
    __rt_lib_init_heap_1                     0x0003a13f   Thumb Code     0  libinit2.o(.ARM.Collect$$libinit$$0000000A)
    __rt_lib_init_lc_collate_1               0x0003a13f   Thumb Code     0  libinit2.o(.ARM.Collect$$libinit$$00000011)
    __rt_lib_init_lc_ctype_1                 0x0003a13f   Thumb Code     0  libinit2.o(.ARM.Collect$$libinit$$00000013)
    __rt_lib_init_lc_monetary_1              0x0003a13f   Thumb Code     0  libinit2.o(.ARM.Collect$$libinit$$00000015)
    __rt_lib_init_lc_numeric_1               0x0003a13f   Thumb Code     0  libinit2.o(.ARM.Collect$$libinit$$00000017)
    __rt_lib_init_lc_time_1                  0x0003a13f   Thumb Code     0  libinit2.o(.ARM.Collect$$libinit$$00000019)
    __rt_lib_init_preinit_1                  0x0003a13f   Thumb Code     0  libinit2.o(.ARM.Collect$$libinit$$00000004)
    __rt_lib_init_rand_1                     0x0003a13f   Thumb Code     0  libinit2.o(.ARM.Collect$$libinit$$0000000E)
    __rt_lib_init_return                     0x0003a13f   Thumb Code     0  libinit2.o(.ARM.Collect$$libinit$$00000033)
    __rt_lib_init_signal_1                   0x0003a13f   Thumb Code     0  libinit2.o(.ARM.Collect$$libinit$$0000001D)
    __rt_lib_init_stdio_1                    0x0003a13f   Thumb Code     0  libinit2.o(.ARM.Collect$$libinit$$00000025)
    __rt_lib_init_user_alloc_1               0x0003a13f   Thumb Code     0  libinit2.o(.ARM.Collect$$libinit$$0000000C)
    __rt_lib_shutdown                        0x0003a141   Thumb Code     0  libshutdown.o(.ARM.Collect$$libshutdown$$00000000)
    __rt_lib_shutdown_fp_trap_1              0x0003a143   Thumb Code     0  libshutdown2.o(.ARM.Collect$$libshutdown$$00000006)
    __rt_lib_shutdown_heap_1                 0x0003a143   Thumb Code     0  libshutdown2.o(.ARM.Collect$$libshutdown$$0000000E)
    __rt_lib_shutdown_return                 0x0003a143   Thumb Code     0  libshutdown2.o(.ARM.Collect$$libshutdown$$0000000F)
    __rt_lib_shutdown_signal_1               0x0003a143   Thumb Code     0  libshutdown2.o(.ARM.Collect$$libshutdown$$00000009)
    __rt_lib_shutdown_stdio_1                0x0003a143   Thumb Code     0  libshutdown2.o(.ARM.Collect$$libshutdown$$00000003)
    __rt_lib_shutdown_user_alloc_1           0x0003a143   Thumb Code     0  libshutdown2.o(.ARM.Collect$$libshutdown$$0000000B)
    __rt_entry                               0x0003a145   Thumb Code     0  __rtentry.o(.ARM.Collect$$rtentry$$00000000)
    __rt_entry_presh_1                       0x0003a145   Thumb Code     0  __rtentry2.o(.ARM.Collect$$rtentry$$00000002)
    __rt_entry_sh                            0x0003a145   Thumb Code     0  __rtentry4.o(.ARM.Collect$$rtentry$$00000004)
    __rt_entry_li                            0x0003a14b   Thumb Code     0  __rtentry2.o(.ARM.Collect$$rtentry$$0000000A)
    __rt_entry_postsh_1                      0x0003a14b   Thumb Code     0  __rtentry2.o(.ARM.Collect$$rtentry$$00000009)
    __rt_entry_main                          0x0003a14f   Thumb Code     0  __rtentry2.o(.ARM.Collect$$rtentry$$0000000D)
    __rt_entry_postli_1                      0x0003a14f   Thumb Code     0  __rtentry2.o(.ARM.Collect$$rtentry$$0000000C)
    __rt_exit                                0x0003a157   Thumb Code     0  rtexit.o(.ARM.Collect$$rtexit$$00000000)
    __rt_exit_ls                             0x0003a159   Thumb Code     0  rtexit2.o(.ARM.Collect$$rtexit$$00000003)
    __rt_exit_prels_1                        0x0003a159   Thumb Code     0  rtexit2.o(.ARM.Collect$$rtexit$$00000002)
    __rt_exit_exit                           0x0003a15d   Thumb Code     0  rtexit2.o(.ARM.Collect$$rtexit$$00000004)
    isr_abort                                0x0003a165   Thumb Code    24  bootloader_util_arm.o(.emb_text)
    __asm___21_bootloader_util_arm_c_8eae8d3b__bootloader_util_reset 0x0003a19d   Thumb Code    24  bootloader_util_arm.o(.emb_text)
    __asm___11_app_timer_c_cd27f9c3__nrf_delay_us 0x0003a1bd   Thumb Code    30  app_timer.o(.emb_text)
    __asm___11_nrf_delay_c_532987f3__nrf_delay_us 0x0003a1dd   Thumb Code    30  nrf_delay.o(.emb_text)
    __aeabi_memcpy4                          0x0003a1fd   Thumb Code    56  rt_memcpy.o(.emb_text)
    __aeabi_memcpy8                          0x0003a1fd   Thumb Code     0  rt_memcpy.o(.emb_text)
    SystemCoreClockUpdate                    0x0003a235   Thumb Code     8  system_nrf51.o(.text)
    SystemInit                               0x0003a2d9   Thumb Code    38  system_nrf51.o(.text)
    Reset_Handler                            0x0003a31d   Thumb Code    18  arm_startup_nrf51.o(.text)
    NMI_Handler                              0x0003a32f   Thumb Code     2  arm_startup_nrf51.o(.text)
    HardFault_Handler                        0x0003a331   Thumb Code     2  arm_startup_nrf51.o(.text)
    SVC_Handler                              0x0003a333   Thumb Code     2  arm_startup_nrf51.o(.text)
    PendSV_Handler                           0x0003a335   Thumb Code     2  arm_startup_nrf51.o(.text)
    SysTick_Handler                          0x0003a337   Thumb Code     2  arm_startup_nrf51.o(.text)
    ADC_IRQHandler                           0x0003a339   Thumb Code     0  arm_startup_nrf51.o(.text)
    CCM_AAR_IRQHandler                       0x0003a339   Thumb Code     0  arm_startup_nrf51.o(.text)
    ECB_IRQHandler                           0x0003a339   Thumb Code     0  arm_startup_nrf51.o(.text)
    LPCOMP_IRQHandler                        0x0003a339   Thumb Code     0  arm_startup_nrf51.o(.text)
    POWER_CLOCK_IRQHandler                   0x0003a339   Thumb Code     0  arm_startup_nrf51.o(.text)
    QDEC_IRQHandler                          0x0003a339   Thumb Code     0  arm_startup_nrf51.o(.text)
    RADIO_IRQHandler                         0x0003a339   Thumb Code     0  arm_startup_nrf51.o(.text)
    RNG_IRQHandler                           0x0003a339   Thumb Code     0  arm_startup_nrf51.o(.text)
    RTC0_IRQHandler                          0x0003a339   Thumb Code     0  arm_startup_nrf51.o(.text)
    SPI0_TWI0_IRQHandler                     0x0003a339   Thumb Code     0  arm_startup_nrf51.o(.text)
    SPI1_TWI1_IRQHandler                     0x0003a339   Thumb Code     0  arm_startup_nrf51.o(.text)
    SWI1_IRQHandler                          0x0003a339   Thumb Code     0  arm_startup_nrf51.o(.text)
    SWI3_IRQHandler                          0x0003a339   Thumb Code     0  arm_startup_nrf51.o(.text)
    SWI4_IRQHandler                          0x0003a339   Thumb Code     0  arm_startup_nrf51.o(.text)
    SWI5_IRQHandler                          0x0003a339   Thumb Code     0  arm_startup_nrf51.o(.text)
    TEMP_IRQHandler                          0x0003a339   Thumb Code     0  arm_startup_nrf51.o(.text)
    TIMER0_IRQHandler                        0x0003a339   Thumb Code     0  arm_startup_nrf51.o(.text)
    TIMER1_IRQHandler                        0x0003a339   Thumb Code     0  arm_startup_nrf51.o(.text)
    TIMER2_IRQHandler                        0x0003a339   Thumb Code     0  arm_startup_nrf51.o(.text)
    UART0_IRQHandler                         0x0003a339   Thumb Code     0  arm_startup_nrf51.o(.text)
    WDT_IRQHandler                           0x0003a339   Thumb Code     0  arm_startup_nrf51.o(.text)
    __user_initial_stackheap                 0x0003a33d   Thumb Code     0  arm_startup_nrf51.o(.text)
    app_error_handler                        0x0003a365   Thumb Code    26  main.o(.text)
    assert_nrf_callback                      0x0003a37f   Thumb Code    14  main.o(.text)
    main                                     0x0003a503   Thumb Code   378  main.o(.text)
    bootloader_util_app_start                0x0003a7e9   Thumb Code    12  bootloader_util_arm.o(.text)
    bootloader_util_settings_get             0x0003a7f5   Thumb Code     6  bootloader_settings_arm.o(.text)
    offset_calculate                         0x0003a967   Thumb Code    50  dfu_dual_bank.o(.text)
    dfu_init                                 0x0003aa75   Thumb Code   246  dfu_dual_bank.o(.text)
    dfu_register_callback                    0x0003ab6b   Thumb Code     6  dfu_dual_bank.o(.text)
    dfu_start_pkt_handle                     0x0003ab71   Thumb Code   340  dfu_dual_bank.o(.text)
    dfu_data_pkt_handle                      0x0003acc5   Thumb Code   176  dfu_dual_bank.o(.text)
    dfu_init_pkt_handle                      0x0003ad75   Thumb Code   100  dfu_dual_bank.o(.text)
    dfu_image_validate                       0x0003add9   Thumb Code   116  dfu_dual_bank.o(.text)
    dfu_image_activate                       0x0003ae4d   Thumb Code    64  dfu_dual_bank.o(.text)
    dfu_reset                                0x0003ae8d   Thumb Code    28  dfu_dual_bank.o(.text)
    dfu_sd_image_swap                        0x0003af3f   Thumb Code   156  dfu_dual_bank.o(.text)
    dfu_bl_image_swap                        0x0003afdb   Thumb Code    60  dfu_dual_bank.o(.text)
    dfu_bl_image_validate                    0x0003b017   Thumb Code   136  dfu_dual_bank.o(.text)
    dfu_sd_image_validate                    0x0003b09f   Thumb Code   118  dfu_dual_bank.o(.text)
    bootloader_app_is_valid                  0x0003b189   Thumb Code    78  bootloader.o(.text)
    bootloader_dfu_update_process            0x0003b225   Thumb Code   384  bootloader.o(.text)
    bootloader_init                          0x0003b3a5   Thumb Code    42  bootloader.o(.text)
    bootloader_dfu_start                     0x0003b3cf   Thumb Code    30  bootloader.o(.text)
    bootloader_app_start                     0x0003b41b   Thumb Code    82  bootloader.o(.text)
    bootloader_dfu_sd_in_progress            0x0003b46d   Thumb Code    32  bootloader.o(.text)
    bootloader_dfu_sd_update_continue        0x0003b48d   Thumb Code   164  bootloader.o(.text)
    bootloader_dfu_sd_update_finalize        0x0003b531   Thumb Code    40  bootloader.o(.text)
    bootloader_settings_get                  0x0003b559   Thumb Code    56  bootloader.o(.text)
    ble_dfu_response_send                    0x0003b7a1   Thumb Code   128  ble_dfu.o(.text)
    ble_dfu_init                             0x0003b9a1   Thumb Code   168  ble_dfu.o(.text)
    ble_dfu_on_ble_evt                       0x0003ba49   Thumb Code    90  ble_dfu.o(.text)
    ble_dfu_bytes_rcvd_report                0x0003baa3   Thumb Code   154  ble_dfu.o(.text)
    ble_dfu_pkts_rcpt_notify                 0x0003bb3d   Thumb Code   122  ble_dfu.o(.text)
    hci_mem_pool_open                        0x0003bbd1   Thumb Code    30  hci_mem_pool.o(.text)
    hci_mem_pool_close                       0x0003bbef   Thumb Code     4  hci_mem_pool.o(.text)
    hci_mem_pool_tx_alloc                    0x0003bbf3   Thumb Code    38  hci_mem_pool.o(.text)
    hci_mem_pool_tx_free                     0x0003bc19   Thumb Code     8  hci_mem_pool.o(.text)
    hci_mem_pool_rx_produce                  0x0003bc21   Thumb Code   104  hci_mem_pool.o(.text)
    hci_mem_pool_rx_consume                  0x0003bc89   Thumb Code   134  hci_mem_pool.o(.text)
    hci_mem_pool_rx_data_size_set            0x0003bd0f   Thumb Code    28  hci_mem_pool.o(.text)
    hci_mem_pool_rx_extract                  0x0003bd2b   Thumb Code    94  hci_mem_pool.o(.text)
    RTC1_IRQHandler                          0x0003c56f   Thumb Code    34  app_timer.o(.text)
    SWI0_IRQHandler                          0x0003c591   Thumb Code     8  app_timer.o(.text)
    app_timer_init                           0x0003c599   Thumb Code   250  app_timer.o(.text)
    app_timer_create                         0x0003c693   Thumb Code   108  app_timer.o(.text)
    app_timer_start                          0x0003c721   Thumb Code    98  app_timer.o(.text)
    app_timer_stop                           0x0003c783   Thumb Code    60  app_timer.o(.text)
    app_timer_stop_all                       0x0003c7bf   Thumb Code    26  app_timer.o(.text)
    app_timer_cnt_get                        0x0003c7d9   Thumb Code    14  app_timer.o(.text)
    app_timer_cnt_diff_compute               0x0003c7e7   Thumb Code    22  app_timer.o(.text)
    app_sched_init                           0x0003c8bd   Thumb Code    66  app_scheduler.o(.text)
    app_sched_event_put                      0x0003c8ff   Thumb Code   238  app_scheduler.o(.text)
    app_sched_execute                        0x0003ca41   Thumb Code    30  app_scheduler.o(.text)
    GPIOTE_IRQHandler                        0x0003cba1   Thumb Code   158  app_gpiote.o(.text)
    app_gpiote_init                          0x0003cca1   Thumb Code   116  app_gpiote.o(.text)
    app_gpiote_user_register                 0x0003cd15   Thumb Code   138  app_gpiote.o(.text)
    app_gpiote_user_enable                   0x0003cd9f   Thumb Code   226  app_gpiote.o(.text)
    app_gpiote_user_disable                  0x0003ce81   Thumb Code    66  app_gpiote.o(.text)
    app_gpiote_pins_state_get                0x0003cec3   Thumb Code    52  app_gpiote.o(.text)
    crc16_compute                            0x0003cf8d   Thumb Code    62  crc16.o(.text)
    softdevice_assertion_handler             0x0003cfd1   Thumb Code    18  softdevice_handler.o(.text)
    intern_softdevice_events_execute         0x0003cfe3   Thumb Code   168  softdevice_handler.o(.text)
    softdevice_handler_init                  0x0003d08b   Thumb Code    84  softdevice_handler.o(.text)
    softdevice_handler_sd_disable            0x0003d0df   Thumb Code    24  softdevice_handler.o(.text)
    softdevice_ble_evt_handler_set           0x0003d0f7   Thumb Code    18  softdevice_handler.o(.text)
    softdevice_sys_evt_handler_set           0x0003d109   Thumb Code    18  softdevice_handler.o(.text)
    SWI2_IRQHandler                          0x0003d11b   Thumb Code    52  softdevice_handler.o(.text)
    pstorage_sys_event_handler               0x0003d675   Thumb Code   326  pstorage.o(.text)
    pstorage_init                            0x0003d7bb   Thumb Code   110  pstorage.o(.text)
    pstorage_register                        0x0003d829   Thumb Code   348  pstorage.o(.text)
    pstorage_block_identifier_get            0x0003d985   Thumb Code   182  pstorage.o(.text)
    pstorage_store                           0x0003da3b   Thumb Code   216  pstorage.o(.text)
    pstorage_update                          0x0003db13   Thumb Code   216  pstorage.o(.text)
    pstorage_load                            0x0003dbeb   Thumb Code   242  pstorage.o(.text)
    pstorage_clear                           0x0003dcdd   Thumb Code   180  pstorage.o(.text)
    pstorage_access_status_get               0x0003dd91   Thumb Code    48  pstorage.o(.text)
    pstorage_raw_register                    0x0003ddc1   Thumb Code    70  pstorage.o(.text)
    pstorage_raw_store                       0x0003de07   Thumb Code   100  pstorage.o(.text)
    pstorage_raw_clear                       0x0003de6b   Thumb Code    70  pstorage.o(.text)
    nrf_delay_ms                             0x0003decd   Thumb Code    24  nrf_delay.o(.text)
    ble_debug_assert_handler                 0x0003dee9   Thumb Code    46  ble_debug_assert_handler.o(.text)
    ble_conn_params_init                     0x0003dfcb   Thumb Code    90  ble_conn_params.o(.text)
    ble_conn_params_stop                     0x0003e025   Thumb Code    12  ble_conn_params.o(.text)
    ble_conn_params_on_ble_evt               0x0003e173   Thumb Code    62  ble_conn_params.o(.text)
    ble_conn_params_change_conn_params       0x0003e1b1   Thumb Code    86  ble_conn_params.o(.text)
    ble_advdata_set                          0x0003e79f   Thumb Code   122  ble_advdata.o(.text)
    dfu_transport_close                      0x0003ed0d   Thumb Code    88  dfu_transport_ble.o(.text)
    dfu_transport_update_start               0x0003f1a1   Thumb Code    76  dfu_transport_ble.o(.text)
    __aeabi_memcpy                           0x0003f255   Thumb Code   130  rt_memcpy.o(.text)
    __rt_memcpy                              0x0003f255   Thumb Code     0  rt_memcpy.o(.text)
    _memset_w                                0x0003f2d7   Thumb Code    26  rt_memclr.o(.text)
    _memset                                  0x0003f2f1   Thumb Code    30  rt_memclr.o(.text)
    __aeabi_memclr                           0x0003f30f   Thumb Code     4  rt_memclr.o(.text)
    __rt_memclr                              0x0003f30f   Thumb Code     0  rt_memclr.o(.text)
    __aeabi_memclr4                          0x0003f313   Thumb Code     0  rt_memclr.o(.text)
    __aeabi_memclr8                          0x0003f313   Thumb Code     0  rt_memclr.o(.text)
    __rt_memclr_w                            0x0003f313   Thumb Code     4  rt_memclr.o(.text)
    strncpy                                  0x0003f319   Thumb Code   104  strncpy.o(.text)
    __aeabi_uidiv                            0x0003f385   Thumb Code     0  aeabi_sdiv.o(.text)
    __aeabi_uidivmod                         0x0003f385   Thumb Code    20  aeabi_sdiv.o(.text)
    __aeabi_idiv                             0x0003f399   Thumb Code     0  aeabi_sdiv.o(.text)
    __aeabi_idivmod                          0x0003f399   Thumb Code   326  aeabi_sdiv.o(.text)
    __use_two_region_memory                  0x0003f4df   Thumb Code     2  heapauxi.o(.text)
    __rt_heap_escrow$2region                 0x0003f4e1   Thumb Code     2  heapauxi.o(.text)
    __rt_heap_expand$2region                 0x0003f4e3   Thumb Code     2  heapauxi.o(.text)
    __user_setup_stackheap                   0x0003f4e5   Thumb Code    62  sys_stackheap_outer.o(.text)
    exit                                     0x0003f523   Thumb Code    12  exit.o(.text)
    __user_libspace                          0x0003f531   Thumb Code     8  libspace.o(.text)
    __user_perproc_libspace                  0x0003f531   Thumb Code     0  libspace.o(.text)
    __user_perthread_libspace                0x0003f531   Thumb Code     0  libspace.o(.text)
    _sys_exit                                0x0003f539   Thumb Code     8  sys_exit.o(.text)
    __I$use$semihosting                      0x0003f545   Thumb Code     0  use_no_semi.o(.text)
    __use_no_semihosting_swi                 0x0003f545   Thumb Code     2  use_no_semi.o(.text)
    __ARM_common_switch8                     0x0003f547   Thumb Code    28  ble_dfu.o(i.__ARM_common_switch8)
    __semihosting_library_function           0x0003f547   Thumb Code     0  indicate_semi.o(.text)
    Region$$Table$$Base                      0x0003f5cc   Number         0  anon$$obj.o(Region$$Table)
    Region$$Table$$Limit                     0x0003f5ec   Number         0  anon$$obj.o(Region$$Table)
    m_boot_settings                          0x0003fc00   Data        1024  bootloader_settings_arm.o(.ARM.__AT_0x0003FC00)
    m_uicr_bootloader_start_address          0x10001014   Data           4  bootloader_settings_arm.o(.ARM.__AT_0x10001014)
    SystemCoreClock                          0x20002800   Data           4  system_nrf51.o(.data)
    __libspace_start                         0x20003090   Data          96  libspace.o(.bss)
    __temporary_stack_top$libspace           0x200030f0   Data           0  libspace.o(.bss)



==============================================================================

Memory Map of the image

  Image Entry point : 0x0003a0c1

  Load Region LR_IROM1 (Base: 0x0003a000, Size: 0x00005704, Max: 0x00006000, ABSOLUTE)

    Execution Region ER_IROM1 (Base: 0x0003a000, Size: 0x000055ec, Max: 0x00006000, ABSOLUTE)

    Base Addr    Size         Type   Attr      Idx    E Section Name        Object

    0x0003a000   0x000000c0   Data   RO           62    RESET               arm_startup_nrf51.o
    0x0003a0c0   0x00000008   Code   RO          867  * !!!main             c_p.l(__main.o)
    0x0003a0c8   0x0000003c   Code   RO         1035    !!!scatter          c_p.l(__scatter.o)
    0x0003a104   0x0000001a   Code   RO         1037    !!handler_copy      c_p.l(__scatter_copy.o)
    0x0003a11e   0x00000002   PAD
    0x0003a120   0x0000001c   Code   RO         1039    !!handler_zi        c_p.l(__scatter_zi.o)
    0x0003a13c   0x00000002   Code   RO          905    .ARM.Collect$$libinit$$00000000  c_p.l(libinit.o)
    0x0003a13e   0x00000000   Code   RO          919    .ARM.Collect$$libinit$$00000002  c_p.l(libinit2.o)
    0x0003a13e   0x00000000   Code   RO          921    .ARM.Collect$$libinit$$00000004  c_p.l(libinit2.o)
    0x0003a13e   0x00000000   Code   RO          924    .ARM.Collect$$libinit$$0000000A  c_p.l(libinit2.o)
    0x0003a13e   0x00000000   Code   RO          926    .ARM.Collect$$libinit$$0000000C  c_p.l(libinit2.o)
    0x0003a13e   0x00000000   Code   RO          928    .ARM.Collect$$libinit$$0000000E  c_p.l(libinit2.o)
    0x0003a13e   0x00000000   Code   RO          931    .ARM.Collect$$libinit$$00000011  c_p.l(libinit2.o)
    0x0003a13e   0x00000000   Code   RO          933    .ARM.Collect$$libinit$$00000013  c_p.l(libinit2.o)
    0x0003a13e   0x00000000   Code   RO          935    .ARM.Collect$$libinit$$00000015  c_p.l(libinit2.o)
    0x0003a13e   0x00000000   Code   RO          937    .ARM.Collect$$libinit$$00000017  c_p.l(libinit2.o)
    0x0003a13e   0x00000000   Code   RO          939    .ARM.Collect$$libinit$$00000019  c_p.l(libinit2.o)
    0x0003a13e   0x00000000   Code   RO          941    .ARM.Collect$$libinit$$0000001B  c_p.l(libinit2.o)
    0x0003a13e   0x00000000   Code   RO          943    .ARM.Collect$$libinit$$0000001D  c_p.l(libinit2.o)
    0x0003a13e   0x00000000   Code   RO          945    .ARM.Collect$$libinit$$0000001F  c_p.l(libinit2.o)
    0x0003a13e   0x00000000   Code   RO          947    .ARM.Collect$$libinit$$00000021  c_p.l(libinit2.o)
    0x0003a13e   0x00000000   Code   RO          949    .ARM.Collect$$libinit$$00000023  c_p.l(libinit2.o)
    0x0003a13e   0x00000000   Code   RO          951    .ARM.Collect$$libinit$$00000025  c_p.l(libinit2.o)
    0x0003a13e   0x00000000   Code   RO          955    .ARM.Collect$$libinit$$0000002C  c_p.l(libinit2.o)
    0x0003a13e   0x00000000   Code   RO          957    .ARM.Collect$$libinit$$0000002E  c_p.l(libinit2.o)
    0x0003a13e   0x00000000   Code   RO          959    .ARM.Collect$$libinit$$00000030  c_p.l(libinit2.o)
    0x0003a13e   0x00000000   Code   RO          961    .ARM.Collect$$libinit$$00000032  c_p.l(libinit2.o)
    0x0003a13e   0x00000002   Code   RO          962    .ARM.Collect$$libinit$$00000033  c_p.l(libinit2.o)
    0x0003a140   0x00000002   Code   RO          993    .ARM.Collect$$libshutdown$$00000000  c_p.l(libshutdown.o)
    0x0003a142   0x00000000   Code   RO         1020    .ARM.Collect$$libshutdown$$00000003  c_p.l(libshutdown2.o)
    0x0003a142   0x00000000   Code   RO         1023    .ARM.Collect$$libshutdown$$00000006  c_p.l(libshutdown2.o)
    0x0003a142   0x00000000   Code   RO         1026    .ARM.Collect$$libshutdown$$00000009  c_p.l(libshutdown2.o)
    0x0003a142   0x00000000   Code   RO         1028    .ARM.Collect$$libshutdown$$0000000B  c_p.l(libshutdown2.o)
    0x0003a142   0x00000000   Code   RO         1031    .ARM.Collect$$libshutdown$$0000000E  c_p.l(libshutdown2.o)
    0x0003a142   0x00000002   Code   RO         1032    .ARM.Collect$$libshutdown$$0000000F  c_p.l(libshutdown2.o)
    0x0003a144   0x00000000   Code   RO          869    .ARM.Collect$$rtentry$$00000000  c_p.l(__rtentry.o)
    0x0003a144   0x00000000   Code   RO          875    .ARM.Collect$$rtentry$$00000002  c_p.l(__rtentry2.o)
    0x0003a144   0x00000006   Code   RO          887    .ARM.Collect$$rtentry$$00000004  c_p.l(__rtentry4.o)
    0x0003a14a   0x00000000   Code   RO          877    .ARM.Collect$$rtentry$$00000009  c_p.l(__rtentry2.o)
    0x0003a14a   0x00000004   Code   RO          878    .ARM.Collect$$rtentry$$0000000A  c_p.l(__rtentry2.o)
    0x0003a14e   0x00000000   Code   RO          880    .ARM.Collect$$rtentry$$0000000C  c_p.l(__rtentry2.o)
    0x0003a14e   0x00000008   Code   RO          881    .ARM.Collect$$rtentry$$0000000D  c_p.l(__rtentry2.o)
    0x0003a156   0x00000002   Code   RO          910    .ARM.Collect$$rtexit$$00000000  c_p.l(rtexit.o)
    0x0003a158   0x00000000   Code   RO          966    .ARM.Collect$$rtexit$$00000002  c_p.l(rtexit2.o)
    0x0003a158   0x00000004   Code   RO          967    .ARM.Collect$$rtexit$$00000003  c_p.l(rtexit2.o)
    0x0003a15c   0x00000006   Code   RO          968    .ARM.Collect$$rtexit$$00000004  c_p.l(rtexit2.o)
    0x0003a162   0x00000002   PAD
    0x0003a164   0x00000058   Code   RO          217    .emb_text           bootloader_util_arm.o
    0x0003a1bc   0x0000001e   Code   RO          451    .emb_text           app_timer.o
    0x0003a1da   0x00000002   PAD
    0x0003a1dc   0x0000001e   Code   RO          684    .emb_text           nrf_delay.o
    0x0003a1fa   0x00000002   PAD
    0x0003a1fc   0x00000038   Code   RO          853    .emb_text           c_p.l(rt_memcpy.o)
    0x0003a234   0x000000e8   Code   RO            3    .text               system_nrf51.o
    0x0003a31c   0x00000048   Code   RO           63    .text               arm_startup_nrf51.o
    0x0003a364   0x00000484   Code   RO           69    .text               main.o
    0x0003a7e8   0x0000000c   Code   RO          218    .text               bootloader_util_arm.o
    0x0003a7f4   0x0000000c   Code   RO          241    .text               bootloader_settings_arm.o
    0x0003a800   0x00000914   Code   RO          269    .text               dfu_dual_bank.o
    0x0003b114   0x00000484   Code   RO          334    .text               bootloader.o
    0x0003b598   0x00000638   Code   RO          374    .text               ble_dfu.o
    0x0003bbd0   0x000001c8   Code   RO          424    .text               hci_mem_pool.o
    0x0003bd98   0x00000b24   Code   RO          452    .text               app_timer.o
    0x0003c8bc   0x00000264   Code   RO          498    .text               app_scheduler.o
    0x0003cb20   0x0000046c   Code   RO          538    .text               app_gpiote.o
    0x0003cf8c   0x00000044   Code   RO          570    .text               crc16.o
    0x0003cfd0   0x000001d4   Code   RO          584    .text               softdevice_handler.o
    0x0003d1a4   0x00000d28   Code   RO          621    .text               pstorage.o
    0x0003decc   0x0000001c   Code   RO          685    .text               nrf_delay.o
    0x0003dee8   0x0000003c   Code   RO          708    .text               ble_debug_assert_handler.o
    0x0003df24   0x00000308   Code   RO          734    .text               ble_conn_params.o
    0x0003e22c   0x00000604   Code   RO          759    .text               ble_advdata.o
    0x0003e830   0x00000a24   Code   RO          800    .text               dfu_transport_ble.o
    0x0003f254   0x00000082   Code   RO          854    .text               c_p.l(rt_memcpy.o)
    0x0003f2d6   0x00000040   Code   RO          857    .text               c_p.l(rt_memclr.o)
    0x0003f316   0x00000002   PAD
    0x0003f318   0x0000006c   Code   RO          859    .text               c_p.l(strncpy.o)
    0x0003f384   0x0000015a   Code   RO          861    .text               c_p.l(aeabi_sdiv.o)
    0x0003f4de   0x00000006   Code   RO          865    .text               c_p.l(heapauxi.o)
    0x0003f4e4   0x0000003e   Code   RO          891    .text               c_p.l(sys_stackheap_outer.o)
    0x0003f522   0x0000000c   Code   RO          894    .text               c_p.l(exit.o)
    0x0003f52e   0x00000002   PAD
    0x0003f530   0x00000008   Code   RO          906    .text               c_p.l(libspace.o)
    0x0003f538   0x0000000c   Code   RO          963    .text               c_p.l(sys_exit.o)
    0x0003f544   0x00000002   Code   RO          982    .text               c_p.l(use_no_semi.o)
    0x0003f546   0x00000000   Code   RO          984    .text               c_p.l(indicate_semi.o)
    0x0003f546   0x0000001c   Code   RO          386    i.__ARM_common_switch8  ble_dfu.o
    0x0003f562   0x00000002   PAD
    0x0003f564   0x00000010   Data   RO           71    .constdata          main.o
    0x0003f574   0x00000024   Data   RO          271    .constdata          dfu_dual_bank.o
    0x0003f598   0x00000018   Data   RO          336    .constdata          bootloader.o
    0x0003f5b0   0x00000010   Data   RO          375    .constdata          ble_dfu.o
    0x0003f5c0   0x0000000c   Data   RO          802    .constdata          dfu_transport_ble.o
    0x0003f5cc   0x00000020   Data   RO         1033    Region$$Table       anon$$obj.o


    Execution Region RW_IRAM1 (Base: 0x20002800, Size: 0x000014f0, Max: 0x00001800, ABSOLUTE)

    Base Addr    Size         Type   Attr      Idx    E Section Name        Object

    0x20002800   0x00000004   Data   RW            4    .data               system_nrf51.o
    0x20002804   0x00000038   Data   RW          272    .data               dfu_dual_bank.o
    0x2000283c   0x0000000c   Data   RW          337    .data               bootloader.o
    0x20002848   0x00000008   Data   RW          376    .data               ble_dfu.o
    0x20002850   0x00000005   Data   RW          426    .data               hci_mem_pool.o
    0x20002855   0x00000003   PAD
    0x20002858   0x00000029   Data   RW          453    .data               app_timer.o
    0x20002881   0x00000003   PAD
    0x20002884   0x0000000e   Data   RW          499    .data               app_scheduler.o
    0x20002892   0x00000002   PAD
    0x20002894   0x0000000c   Data   RW          539    .data               app_gpiote.o
    0x200028a0   0x00000014   Data   RW          585    .data               softdevice_handler.o
    0x200028b4   0x0000001c   Data   RW          623    .data               pstorage.o
    0x200028d0   0x00000008   Data   RW          710    .data               ble_debug_assert_handler.o
    0x200028d8   0x00000019   Data   RW          736    .data               ble_conn_params.o
    0x200028f1   0x00000003   PAD
    0x200028f4   0x00000021   Data   RW          803    .data               dfu_transport_ble.o
    0x20002915   0x00000003   PAD
    0x20002918   0x000003ec   Zero   RW           70    .bss                main.o
    0x20002d04   0x00000050   Zero   RW          270    .bss                dfu_dual_bank.o
    0x20002d54   0x00000020   Zero   RW          335    .bss                bootloader.o
    0x20002d74   0x0000013c   Zero   RW          425    .bss                hci_mem_pool.o
    0x20002eb0   0x00000108   Zero   RW          622    .bss                pstorage.o
    0x20002fb8   0x00000080   Zero   RW          709    .bss                ble_debug_assert_handler.o
    0x20003038   0x0000001c   Zero   RW          735    .bss                ble_conn_params.o
    0x20003054   0x0000003c   Zero   RW          801    .bss                dfu_transport_ble.o
    0x20003090   0x00000060   Zero   RW          907    .bss                c_p.l(libspace.o)
    0x200030f0   0x00000400   Zero   RW           61    HEAP                arm_startup_nrf51.o
    0x200034f0   0x00000800   Zero   RW           60    STACK               arm_startup_nrf51.o



  Load Region LR$$.ARM.__AT_0x0003FC00 (Base: 0x0003fc00, Size: 0x00000000, Max: 0x00000400, ABSOLUTE)

    Execution Region ER$$.ARM.__AT_0x0003FC00 (Base: 0x0003fc00, Size: 0x00000400, Max: 0x00000400, ABSOLUTE, UNINIT)

    Base Addr    Size         Type   Attr      Idx    E Section Name        Object

    0x0003fc00   0x00000400   Zero   RW          242    .ARM.__AT_0x0003FC00  bootloader_settings_arm.o



  Load Region LR$$.ARM.__AT_0x10001014 (Base: 0x10001014, Size: 0x00000004, Max: 0x00000004, ABSOLUTE)

    Execution Region ER$$.ARM.__AT_0x10001014 (Base: 0x10001014, Size: 0x00000004, Max: 0x00000004, ABSOLUTE, UNINIT)

    Base Addr    Size         Type   Attr      Idx    E Section Name        Object

    0x10001014   0x00000004   Data   RW          243    .ARM.__AT_0x10001014  bootloader_settings_arm.o


==============================================================================

Image component sizes


      Code (inc. data)   RO Data    RW Data    ZI Data      Debug   Object Name

         0          0          0          0          0       1996   app_button.o
      1132         40          0         12          0      11806   app_gpiote.o
       612         90          0         14          0      12307   app_scheduler.o
      2882        202          0         41          0      25153   app_timer.o
        72         32        192          0       3072        680   arm_startup_nrf51.o
      1540          6          0          0          0      15178   ble_advdata.o
       776         38          0         25         28       7078   ble_conn_params.o
        60         14          0          8        128       1399   ble_debug_assert_handler.o
      1620         46         16          8          0      42103   ble_dfu.o
      1156         46         24         12         32      11812   bootloader.o
        12          6          0          4       1024       1637   bootloader_settings_arm.o
       100         40          0          0          0       1228   bootloader_util_arm.o
        68          6          0          0          0       1204   crc16.o
      2324        150         36         56         80      17215   dfu_dual_bank.o
      2596        204         12         33         60      21361   dfu_transport_ble.o
       456         16          0          5        316       3760   hci_mem_pool.o
      1156        182         16          0       1004      21285   main.o
        58          4          0          0          0       1551   nrf_delay.o
      3368         82          0         28        264      12214   pstorage.o
       468         86          0         20          0       9236   softdevice_handler.o
       232         30          0          4          0      21809   system_nrf51.o

    ----------------------------------------------------------------------
     20694       1320        328        284       6008     242012   Object Totals
         0          0         32          0          0          0   (incl. Generated)
         6          0          0         14          0          0   (incl. Padding)

    ----------------------------------------------------------------------

      Code (inc. data)   RO Data    RW Data    ZI Data      Debug   Library Member Name

         8          0          0          0          0         68   __main.o
         0          0          0          0          0          0   __rtentry.o
        12          0          0          0          0          0   __rtentry2.o
         6          0          0          0          0          0   __rtentry4.o
        60          8          0          0          0          0   __scatter.o
        26          0          0          0          0          0   __scatter_copy.o
        28          0          0          0          0          0   __scatter_zi.o
       346          0          0          0          0         92   aeabi_sdiv.o
        12          0          0          0          0         64   exit.o
         6          0          0          0          0        136   heapauxi.o
         0          0          0          0          0          0   indicate_semi.o
         2          0          0          0          0          0   libinit.o
         2          0          0          0          0          0   libinit2.o
         2          0          0          0          0          0   libshutdown.o
         2          0          0          0          0          0   libshutdown2.o
         8          4          0          0         96         68   libspace.o
        64          0          0          0          0        108   rt_memclr.o
       186          0          0          0          0        144   rt_memcpy.o
         2          0          0          0          0          0   rtexit.o
        10          0          0          0          0          0   rtexit2.o
       108          4          0          0          0         76   strncpy.o
        12          4          0          0          0         60   sys_exit.o
        62          0          0          0          0         80   sys_stackheap_outer.o
         2          0          0          0          0         68   use_no_semi.o

    ----------------------------------------------------------------------
       974         20          0          0         96        964   Library Totals
         8          0          0          0          0          0   (incl. Padding)

    ----------------------------------------------------------------------

      Code (inc. data)   RO Data    RW Data    ZI Data      Debug   Library Name

       966         20          0          0         96        964   c_p.l

    ----------------------------------------------------------------------
       974         20          0          0         96        964   Library Totals

    ----------------------------------------------------------------------

==============================================================================


      Code (inc. data)   RO Data    RW Data    ZI Data      Debug   

     21668       1340        328        284       6104     241436   Grand Totals
     21668       1340        328        284       6104     241436   ELF Image Totals
     21668       1340        328        284          0          0   ROM Totals

==============================================================================

    Total RO  Size (Code + RO Data)                21996 (  21.48kB)
    Total RW  Size (RW Data + ZI Data)              6388 (   6.24kB)
    Total ROM Size (Code + RO Data + RW Data)      22280 (  21.76kB)

==============================================================================

